# Jr Green Role Log — apk_legacy_traversal_cutover_20260727

- 2026-08-16 Measure Jr Green role run.
- Phase: Phase 2 binding freeze.
- phase_base_sha: `8c30dc0e138567f4d461b6cb69c10c66a6bb2eaf`.
- role_base_sha: `698f5c41406841aac37a4679ff173e689f2c7888`.
- Green base: `f76f2f523`.
- Lease: five phase2-binding-dossiers JSON files, plan.md, this evidence file, and this log.
- The committed Red test is immutable: `packages/game-cartridges/src/legacy-traversal-binding-freeze.test.ts`.
- Dossier correction committed as `1f869aa67`.
- Five candidate dossiers contain fifteen blocked role decisions.
- Mid Red corrected six logical pointer groups.
- The consolidated Red list identified six stale Spellweaver pointers.
- The focused contract passed 7/7 after the bounded dossier correction.
- The manifest suite passed 13/13.
- The Python readiness suite passed 9/9.
- TypeScript, ESLint, and scoped diff checks exited 0.
- Prettier passed for the five dossiers, plan, evidence, and role log.
- No production code, source manifest, suitability source, Asset Contract source, registry, metadata, or Red test changed.
- Phase 2 remains `[~]`.

MEASURE_AGENT_RESULT
role: measure-jr-green
status: blocked
track: apk_legacy_traversal_cutover_20260727
phase: Phase 2 binding freeze
phase_base_sha: 8c30dc0e138567f4d461b6cb69c10c66a6bb2eaf
role_base_sha: 698f5c41406841aac37a4679ff173e689f2c7888
commits: 1f869aa67; evidence commit pending
tests_run: focused binding-freeze 7/7; manifest 13/13; Python readiness 9/9; TypeScript, ESLint, and diff checks passed
files_changed: five phase2-binding-dossiers JSON files; plan.md; phase2-binding-freeze-green-evidence-20260816.md; this log
counts: 5 dossiers; 15 roles; 15 blocked; 0 adoption; 6/7 focused tests passed
known_failures: owner acceptance remains pending
handoff: Review A verifies the correction and owner-acceptance gate. No adoption, implementation, cutover, or cartridge Green is claimed.
END_MEASURE_AGENT_RESULT
