# Mid Red Role Log — apk_legacy_traversal_cutover_20260727

- 2026-08-16 Measure Mid Red role run.
- Phase: Phase 2 binding freeze.
- Phase base: `8c30dc0e138567f4d461b6cb69c10c66a6bb2eaf`.
- Role base: `63da03a0e27e0c696df44f2a0285973b269d1cfd`.
- Lease: `packages/game-cartridges/src/legacy-traversal-binding-freeze.test.ts`, this track `plan.md`, `phase2-binding-freeze-red-evidence-20260816.md`, and this log.
- The contract is evidence-bound and does not edit production cartridge code or source manifests.
- Red command: `./node_modules/.bin/vitest run packages/game-cartridges/src/legacy-traversal-binding-freeze.test.ts`.
- Red result: exit 1; 7 tests collected; 2 controls passed; 5 title tests failed only on absent strict per-title dossiers.
- The five failures name Dragon Rider, Spellweaver's Run, Shadow Gate Dungeon, Labyrinth of the Goblin King, and Griffin Rider's Escape.
- TypeScript, ESLint, Prettier, and diff checks passed.
- Phase 2 remains `[~]`.

MEASURE_AGENT_RESULT
role: measure-mid-red
status: complete
track: apk_legacy_traversal_cutover_20260727
phase: Phase 2 binding freeze
tests_run: 7 collected; 2 passed; 5 expected missing-dossier failures
failures: only five absent per-title traversal binding dossiers
files_changed: packages/game-cartridges/src/legacy-traversal-binding-freeze.test.ts; measure/tracks/apk_legacy_traversal_cutover_20260727/plan.md; measure/tracks/apk_legacy_traversal_cutover_20260727/phase2-binding-freeze-red-evidence-20260816.md; measure/tracks/apk_legacy_traversal_cutover_20260727/orchestration/phase2-mid-red-role.log
handoff: Green must add exactly the five dossiers and preserve fail-closed adoption and delivery boundaries.
END_MEASURE_AGENT_RESULT
