# Mid Red Role Log — apk_legacy_traversal_cutover_20260727

- 2026-08-15 measure-mid-red role run.
- Phase: Phase 1 source/readiness manifests, Task 1.
- Phase base: `c2e28e9e4f326fc056415abfe2d1876f16d48675`.
- Role base: `f780ed6312a999c1d318fc0c0b04443c17b36764`.
- Historical status: this log records pre-Green Red work and is not the current Task 1 result.
- Lease: `packages/game-cartridges/src/legacy-traversal-source-manifest.test.ts`, this track `plan.md`, `task1-source-manifest-red-evidence-20260815.md`, and this log.
- Pre-existing dirty paths were generated or tool state files. Relevant dirty paths: none. Unrelated user work: none identified.
- Test contract: exact five-title identities, five archive-preferred bindings and hashes, readiness boundary, accepted Batch A/B evidence, and five falsifiers.
- Red command: `./node_modules/.bin/vitest run packages/game-cartridges/src/legacy-traversal-source-manifest.test.ts`.
- Red result: exit 1; 10 tests collected; 5 passed; 5 failed only on the named missing exact per-title manifests.
- `pnpm vitest run packages/game-cartridges/src/legacy-traversal-source-manifest.test.ts` entered the pnpm install preflight and ended with SIGTERM before collection. The direct local Vitest binary supplied the focused result.
- Focused typecheck, lint, format, and diff checks passed.
- No product source, existing test, manifest, lockfile, generated file, or unrelated path was edited.
- Task 1 remains `[~]`.

MEASURE_AGENT_RESULT
role: measure-mid-red
status: complete
track: apk_legacy_traversal_cutover_20260727
phase: Phase 1 source/readiness manifests, Task 1
commits: 2fd7e5aeb
tests_run: direct focused Vitest Red passed as expected; focused typecheck, lint, format, and diff checks passed; pnpm wrapper stopped during install preflight
files_changed: packages/game-cartridges/src/legacy-traversal-source-manifest.test.ts; measure/tracks/apk_legacy_traversal_cutover_20260727/plan.md; measure/tracks/apk_legacy_traversal_cutover_20260727/task1-source-manifest-red-evidence-20260815.md; measure/tracks/apk_legacy_traversal_cutover_20260727/orchestration/task1-mid-red-role.log
plan_updates: kept Task 1 `[~]`; recorded the expected five missing per-title manifests and command evidence
known_failures: five exact per-title legacy source manifests are missing; the pnpm wrapper ended with SIGTERM before collection
handoff: Green must add only the five exact per-title evidence manifests and rerun the focused contract. Preserve all false authority claims and accepted archive bindings.
END_MEASURE_AGENT_RESULT
