# Phase 4 RC-P4-001 Jr Green Role Log

- Track: `wave5_public_surface_completion_20260628`.
- Phase: Phase 4 RC-P4-001 contact authority.
- Role: Measure Jr Green.
- Source commit: `e6265b0be` (`e6265b0bed56290f5776353193e554c177a823df`).
- Red commits: `c9ea196dc`, `3b623bdea`.

## Verification

- Contact authority suite: 3/3 passed.
- All Phase 4/browser suites: 13/13 passed.
- Phase 3 regression: 10/10 passed with a 60-second timeout.
- Direct and fresh typechecks passed.
- Production build passed.
- Targeted lint passed.
- Targeted Prettier passed.
- Scoped diff passed.
- Graph update passed.
- Existing React DOM warnings remained nonblocking.

## Boundary

- The source commit contains only the three approved Marketing source files.
- ContactForm backend work remains successor-owned by `www_crm_lead_intake_20260722`.
- The plan and Green evidence remain uncommitted and unstaged.
- The full Phase 4 and Wave 5 track remain unaccepted.
- Concurrent unrelated work remains preserved.

MEASURE_AGENT_RESULT
role: jr-green
status: READY_FOR_PRIMARY_REVIEW
track: wave5_public_surface_completion_20260628
phase: Phase 4 RC-P4-001 contact authority
source_commit: e6265b0be
red_commits: c9ea196dc; 3b623bdea
authority_result: 3/3
phase4_browser_result: 13/13
phase3_result: 10/10 with 60-second timeout
gates: direct typecheck passed; fresh typecheck passed; build passed; lint passed; Prettier passed; diff passed; graph update passed
successor_boundary: UX-P4-003 -> www_crm_lead_intake_20260722
acceptance_boundary: Full Phase 4 and Wave 5 track remain unaccepted
END_MEASURE_AGENT_RESULT
