MEASURE_AGENT_RESULT
role=truth-test-author / mid-red (fresh isolated session, post-strategy-strengthening re-verification)
status=complete
track=apk_source_denominator_inventory_20260712
phase=Phase 4: Full independent acceptance
commit=023cf59ed8db24939221a85e753435e77dd8c84e
strategy_baseline=023cf59ed8db24939221a85e753435e77dd8c84e
strategy_strengthening_commit=023cf59e ("docs(measure): strengthen phase 4 strategy")
prior_phase4_test_commit=71462110 (initial red contract) + c83e5a7b (contract audit strengthening)
tests_run=PYTHONDONTWRITEBYTECODE=1 python3 -m unittest -v measure.tests.test_apk_source_denominator_inventory_phase4; expected_red_exit=1; actual_exit=1; result=FAILED (failures=10), as expected; every failure is the same root cause: AssertionError: Missing Phase-4 independent-acceptance artifact: measure/tracks/apk_source_denominator_inventory_20260712/independent-review.json (10/10)
static_syntax=PYTHONDONTWRITEBYTECODE=1 python3 -m py_compile measure/tests/test_apk_source_denominator_inventory_phase4.py; expected_exit=0; actual_exit=0; result=passed (no syntax regression introduced by the strengthened strategy)
red_gate_match=Confirmed against strengthened strategy §"Phase-4 execution gates and falsification" Red gate row: before reviewer output, every failure is the explicit missing independent-review.json assertion; a syntax/import failure, a candidate/owner artifact, or a different failure cause invalidates Red. No syntax/import/candidate/owner artifact failure present; all 10 failures cite the same explicit missing-artifact assertion. This is a valid Red result per the strategy, not review evidence.
strategy_anti_pattern_coverage=Verified existing Phase-4 test asserts every required anti-pattern from the strengthened strategy §"Phase-4 anti-pattern coverage":
  A1 marker semantics: test_metadata_plan_and_registry_only_claim_closeout_after_acceptance_with_commit_evidence + test_plan_records_reviewer_completion_but_preserves_deferred_owner_gate (read structured [x]/[b] deferred:product-owner markers, never prose)
  A2 owner-authorization exact hash binding: test_owner_acceptance_and_accepted_manifests_are_impossible_before_authorized_approval (all four exact candidate/partition/review/gate hashes must bind; agent-written approval rejected)
  A3 numeric receipt parsing: test_review_receipt_is_fresh_and_has_numeric_usage_under_every_stop_loss_ceiling (labeled integer key sets, ceiling comparisons, rejects bool/string/negative/over-ceiling via assertIsInstance(int) and assertNotIsInstance(bool))
  A4 nonempty Phase-3 + completed rerun: test_rerun_revalidates_all_exact_denominator_partitions_and_source_locators (live Phase-3 generator rerun, expected bytes match, unresolved_sources == [])
  A5 distinct red/candidate/accepted assertions: test_red_report_is_contract_only_and_names_the_phase4_gate + test_candidate_denominator_and_partition_manifests_are_nonconsumable_and_exactly_bound
  A6 in-progress metadata before closeout: test_metadata_plan_and_registry_only_claim_closeout_after_acceptance_with_commit_evidence (rejects early "completed" registry claim when owner acceptance absent)
  A7 full keyed sets and exact hashes: test_exact_identity_file_surface_asset_group_copy_and_history_sets_remain_unchanged (no broad keyword exclusions; uses _key() canonical JSON)
  A8 marker vocabulary: test_metadata_plan_and_registry_only_claim_closeout_after_acceptance_with_commit_evidence (rejects [~], [b], legacy [ ] in plan when acceptance absent)
  A9 active-track path: TRACK_DIR = REPO_ROOT / "measure" / "tracks" / TRACK (active-track root preserved; archive-aware resolution deferred to a future validator per strategy note)
  A10 doctor.sh: phase-closeout row in strengthened strategy (owner-gated; not authored by Mid Red)
  A14/A15 detector exit codes / receipt hash: strategy note preserved in strengthened §"anti-pattern coverage"; receiver-integrity validation is rerun by the reviewer per the strategy (not authored by Mid Red)
fixtures_refutations_coverage=Verified strategy §"Phase-4 fixtures, proof types, and architecture guardrails" mutation list is caught by the existing assertions:
  - alter one locator range/blob hash → test_rerun_revalidates_all_exact_denominator_partitions_and_source_locators via _assert_locator (blob_sha256 + range sha256 must match committed bytes)
  - cite a non-ancestor revision → _assert_locator calls _is_ancestor(revision, baseline) (rejects)
  - remove or duplicate an identity/asset/hash-group/copy/history record → test_exact_identity_file_surface_asset_group_copy_and_history_sets_remain_unchanged set comparisons
  - set a CHM finding to high → test_fresh_independent_review_replays_phase3_and_reports_no_blocking_findings asserts no finding severity is in BLOCKING_SEVERITIES
  - receipt usage string/boolean/negative/over-ceiling → test_review_receipt_is_fresh_and_has_numeric_usage_under_every_stop_loss_ceiling (assertIsInstance(int), assertNotIsInstance(bool), assertGreaterEqual(0), assertLessEqual(limit))
  - replace fork_turns with inherited context → test_fresh_independent_review_replays_phase3_and_reports_no_blocking_findings asserts isolation["fork_turns"] == "none"
  - mark a candidate consumable → test_candidate_denominator_and_partition_manifests_are_nonconsumable_and_exactly_bound (assertFalse(consumable/accepted/revoked))
  - add an accepted manifest before owner approval → test_owner_acceptance_and_accepted_manifests_are_impossible_before_authorized_approval (when acceptance absent, accepted manifest paths must not exist)
  - bind the owner event to an old candidate hash → same test asserts bindings == {"candidate": sha256, "candidate_partition": sha256, "review": sha256, "gate": gate_sha256}
no_new_tests_authored=The strengthened strategy at commit 023cf59e adds §"Phase-4 execution gates and falsification", §"Phase-4 fixtures, proof types, and architecture guardrails", and §"Phase-4 anti-pattern coverage" as procedural documentation of already-frozen contract properties. It introduces no new test requirements beyond what measure/tests/test_apk_source_denominator_inventory_phase4.py already enforces against the ten contracts listed in phase4-acceptance-contract-test-report.json (schema apk-denominator-phase4-acceptance-contract-report.v1). Per the strategy role description ("The Mid-Red role must preserve the freeze test and add only denominator-contract counterexamples"), the existing counterexample coverage is exhaustive for the listed mutation set, so no new failing test file is authored this run.
files_changed=measure/tracks/apk_source_denominator_inventory_20260712/role-logs/phase4-mid-red-red-verify.log (new evidence file documenting this re-verification); no other Mid Red Phase-4 owned paths modified.
unrelated_worktree_paths_preserved=Phase-2 generator + Phase-2 human records (generate_phase2_human_discovery.py, human-discrepancy-records.json, human-duplicate-drift-records.json, human-historical-deleted-records.json, independent-human-discovery.json) and __pycache__/ were observed dirty; per the strengthened strategy ("Phase-4 work must not rationalize, overwrite, or mask those failures"), those paths were not modified by this Mid Red run.
plan_updates=none; Phase 4 tasks 1-4 remain [~] in_progress and tasks 5-6 remain [b] deferred:product-owner in measure/tracks/apk_source_denominator_inventory_20260712/plan.md; no fabricated [x] completion marker, no candidate/owner artifact authored, no acceptance claimed.
known_failures=AssertionError: Missing Phase-4 independent-acceptance artifact: measure/tracks/apk_source_denominator_inventory_20260712/independent-review.json (10/10 expected RED failures, identical root cause, matches strengthened strategy Red gate).
handoff=adversarial-reviewer Green: publish a fresh fork_turns=none independent-review.json with an exact live Phase-3 generator rerun binding, a measured reviewer receipt under every frozen numeric ceiling with zero numeric stop-loss observations, and exact non-consumable candidate denominator + 29-identity partition manifests; product-owner: only after a zero-blocker review, publish a current-authorized exact-hash approval and then accepted manifests; then rerun PYTHONDONTWRITEBYTECODE=1 python3 -m unittest -v measure.tests.test_apk_source_denominator_inventory_phase4 for the Reviewer Green / Phase closeout gates per the strengthened strategy §"Phase-4 execution gates and falsification".
END_MEASURE_AGENT_RESULT