Measure Jr Green security remediation role log

Track: company_finance_operations_20260810
Phase: Phase 2 — controlled operational imports
Role: Measure Jr Green security remediation
phase_base_sha: 7ef48d2d2929c67dfd70c899a4710b77808637b9
role_base_sha: 994e6d9204ace36060bbe23dd88f1711709138d2
Initial HEAD: 994e6d9204ace36060bbe23dd88f1711709138d2

Preflight:
- `git status --short` showed unrelated dirty Codecamp, lockfile, OpenCode, Advantage Games, and audit-result paths.
- `git worktree list` showed one shared master worktree.
- The committed Review B Red change is in `phase_base_sha..HEAD`: `d099761c4ae8eb6da03e2188b742053b8be2cb7b` and `994e6d9204ace36060bbe23dd88f1711709138d2`.

Red result:
- Command: `CI=true pnpm --filter @reading-advantage/backend exec vitest run src/modules/finance-operations/__tests__/controlled-imports-phase2-review-b.red.test.ts --pool=threads --maxWorkers=1`
- Result: exit 1; 26/26 tests failed as expected at the role base.

Block:
- Review B requires `runHistoricalPrivateEvidencePilot` to return `blocked` or `not-admitted` while Task 2 remains `[b]`.
- The immutable existing Phase 2 test requires the same public function to return `accepted`, `replay`, or `conflict`.
- The specification and Task 2 status prohibit accepted pilot authority before the human-gated pilot task is admitted.
- A production change cannot satisfy both committed contracts. No production, test, plan, or audit-result file changed.
- Prior Review A/B results at `be84ff474fa872dd0eab0b64038869e67e2c1e34` are stale after future remediation. Fresh reviews are required after a valid Green commit.

Handoff:
- Request a Mid Red retry. Update the existing Phase 2 Red pilot assertion to require the blocked or not-admitted Task 2 contract, or remove the public pilot acceptance contract. Preserve the Review B security test and Task 2 `[b]` marker.

MEASURE_AGENT_RESULT
role: measure-jr-green
status: blocked
track: company_finance_operations_20260810
phase: Phase 2 — controlled operational imports
phase_base_sha: 7ef48d2d2929c67dfd70c899a4710b77808637b9
role_base_sha: 994e6d9204ace36060bbe23dd88f1711709138d2
commits: none
tests_run: Review B Red exit 1 (26/26); no Green commit because the existing Phase 2 pilot assertion conflicted with the blocked Task 2 contract
files_changed: measure/tracks/company_finance_operations_20260810/orchestration/phase2-review-b-jr-green-role.log
plan_updates: none; Task 1 stays [~], pilot stays [b]
known_failures: existing Phase 2 Red test requires accepted/replay/conflict pilot authority; Review B and Task 2 require blocked/not-admitted or absent pilot behavior
final_head: 849cef7b48da566d01d0fad179090b0d5c0c1e1d
handoff: Mid Red retry required for the contradictory pilot contract.
END_MEASURE_AGENT_RESULT
