Measure Jr Green role log — Task 9 rerun-bound remediation
Track: durable_job_worker_platform_20260713
Phase: Phase 2: Red Concurrency and Failure Tests
Task: 9
Role: measure-jr-green
Date: 2026-08-16
phase_base_sha: 33d44fc81b84559c2ab7a48acfaf86554bf017a5
role_base_sha: ecdf1fef1
red_source_commit: ecdf1fef1
implementation_commit: a554da1af

## Scope

Migration `0052` now requires active `rerun_max_attempts` values from 1 through
1000. The ordinary all-null rerun tuple remains valid.
No Red test, sentinel, journal, snapshot, registry, or other lane changed.

## Gates

safe_schema_gate=passed:2 skipped:1
safe_focused_db_gate=passed:17
safe_role_gate=passed:1
safe_task9_gate=passed:1 skipped:18
live_schema_gate=passed:2 failed:1; next Red fixture pending-at-maximum-without-redelivery
live_role_gate=passed:1/1
live_task9_gate=passed:19/19
journal_integrity=passed:9/9
governance_prior=passed:112 skipped:4; current aggregate not reproduced
typescript=db/backend-production/backend-test passed
lint=db passed
prettier=evidence passed; plan prior warning retained
safe_doctor=exit:2 fail-closed without database URL
measure_doctor=exit:1 unrelated deprecated markers
diff_check=passed for leased paths

## Cleanup

cleanup_scratch_databases=0
cleanup_durable_job_roles=0
cleanup_container=removed

## Review B rerun handoff

The `rerun-maximum-under-bound` failure is repaired. Review B should rerun from
`a554da1af` and retain the pending-at-maximum result as the next Red contract.

MEASURE_AGENT_RESULT
role: measure-jr-green
status: complete_with_recorded_next_red
track: durable_job_worker_platform_20260713
phase: Phase 2: Red Concurrency and Failure Tests
task: 9
phase_base_sha: 33d44fc81b84559c2ab7a48acfaf86554bf017a5
role_base_sha: ecdf1fef1
implementation_commit: a554da1af
evidence_files: task-9-review-b-rerun-bound-green-evidence-20260816.md; orchestration/phase2-task9-rerun-bound-jr-green-role.log
handoff: Review B rerun verifies the implementation and records the next Red fixture
END_MEASURE_AGENT_RESULT
