role=measure-jr-green
track=durable_job_worker_platform_20260713
task=9
phase_base_sha=33d44fc81b84559c2ab7a48acfaf86554bf017a5
role_base_sha=92f13c06cc2f026272103b0fd66681d7074d688d
source_test_commit=92f13c06cc2f026272103b0fd66681d7074d688d
red_contract_path=packages/backend/src/jobs/__tests__/postgres16-enqueue-retry-replay.red.test.ts
red_contract_in_phase_range=true
targeted_red_status=no-longer-red
targeted_red_reason=source_test_commit implements the committed contract
focused_result=7/7 passed
safe_result=1 passed; 18 skipped
live_pg16_result=19/19 passed
cleanup_scratch_databases=0
cleanup_container=removed
package_lint=network-blocked during registry downloads
doctor=unrelated deprecated [ ] markers in other tracks
graph_refresh=complete: build-graph update 13 paths; 32,309 nodes; 57,101 edges
task9_status=[x]

MEASURE_AGENT_RESULT
role: jr-green
status: complete
track: durable_job_worker_platform_20260713
phase: Phase 2: Red Concurrency and Failure Tests
phase_base_sha: 33d44fc81b84559c2ab7a48acfaf86554bf017a5
role_base_sha: 92f13c06cc2f026272103b0fd66681d7074d688d
commits: 92f13c06c, a5ce00e83
tests_run: focused 7/7 passed; safe 1 passed and 18 skipped; live PG16 19/19 passed; cleanup zero scratch databases
files_changed: measure/tracks/durable_job_worker_platform_20260713/orchestration/phase2-task9-postreview-jr-green-role.log
plan_updates: Task 9 remains [x] with source SHA 92f13c06c.
known_failures: package lint network-blocked; unrelated doctor markers.
handoff: Review commits 92f13c06c and a5ce00e83. The committed Red test remains immutable.
END_MEASURE_AGENT_RESULT
