role=measure-jr-green
track=durable_job_worker_platform_20260713
phase=Phase 3: PostgreSQL Adapter Implementation
phase_base_sha=fd581f3dc
role_base_sha=97928078c
red_commit=fa384d8af
implementation_commit=ee5442654b0d60a75cf08b4577d416badf920be5
scope=backend PostgreSQL adapter source plus Green evidence and role log only
red_tests_preserved=true
phase4_worker_adoption_touched=false
safe_combined=exit 0; 10 passed; 32 skipped; no PostgreSQL contact
backend_jobs=exit 0; 68 passed; 32 skipped
live_schema=exit 0; PostgreSQL 16.14; 3/3 passed; port 55457
live_role=exit 0; 1/1 passed; port 55457
live_concurrency=exit 0; 14/14 passed; port 55457
live_enqueue_complete=exit 1; 23/24 passed; first snapshot test uses task9-red for a task9-follow-up-queue claim
live_task9_19=exit 0; 19 passed; 5 skipped
typecheck=exit 0; database and backend production/test checks passed
build=exit 0; database and backend builds passed
lint=exit 0; backend clean; database 0 errors and 9 existing warnings
prettier=exit 0; focused checks passed
diff_check=exit 0
graph_update=exit 0; adapter file updated
cleanup=zero scratch databases; zero durable-job roles; container removed
green_result=implementation fixes all four reported enqueue failure points without weakening queue, tenant, idempotency, or lock-order behavior
review_handoff=Review A must resolve the committed queue assertion before complete enqueue acceptance

MEASURE_AGENT_RESULT
role: measure-jr-green
status: complete_with_review_blocker
track: durable_job_worker_platform_20260713
phase: Phase 3: PostgreSQL Adapter Implementation
implementation_commit: ee5442654b0d60a75cf08b4577d416badf920be5
live_gates: schema 3/3; role 1/1; concurrency 14/14; complete enqueue 23/24; Task9 19/19
cleanup: 0 scratch databases; 0 durable-job roles; disposable container removed
review_blocker: committed Red test queue request does not match its promoted queue snapshot
END_MEASURE_AGENT_RESULT
