role=measure-mid-red
track=durable_job_worker_platform_20260713
phase=Phase 2: Red Concurrency and Failure Tests
task=9
finding=DWP-T9-RB-005
phase_base_sha=33d44fc81b84559c2ab7a48acfaf86554bf017a5
role_base_sha=9d6b3af2608f0df7733197692a642905953c71f4

## Scope

Review B identified PostgreSQL `constraint` aliases in the leased schema test.
The test now uses `constraint_row` in all three catalog queries. The
`pg_constraint.conname` projection preserves the existing `constraint_name`
result field. Assertions and candidate source files were not changed.

## Gates

safe_schema_gate=exit 0; 2 passed; 1 skipped; no PostgreSQL contact
live_schema_gate=exit 1; 3 total; 2 passed; 1 failed
live_server=PostgreSQL 16.14; disposable host-network container; port 55449
cleanup_scratch_databases=0 before container removal
cleanup_container=removed

## Newly exposed failures

intermediate_query_failure=PostgresError: column "constraint_name" does not exist
intermediate_query_resolution=projected constraint_row.conname AS constraint_name
final_red_failure=durable_job_audit_events.actor requires a database length bound; returned CHECK uses char_length(btrim(actor)), assertion requires char_length(actor)

## Quality checks

typescript=passed: node_modules/.bin/tsc --noEmit -p packages/db/tsconfig.json
lint=passed: focused ESLint with packages/db/eslint.config.mjs
prettier=passed: focused Prettier check
diff_check=passed: git diff --check on the changed test
package_filtered_typecheck=blocked: pnpm attempted unavailable registry downloads

## Handoff

Green sentinel handoff: Green owns DWP-T9-RB-002 and must add the reviewed
0052_durable_jobs sentinel in its leased files. Green must not edit the test
assertion or migration for DWP-T9-RB-005. The exact final Red assertion remains
recorded for a separate reviewed decision.

MEASURE_AGENT_RESULT
role: measure-mid-red
status: complete
verdict: PASS_WITH_RECORDED_RED_FAILURE
track: durable_job_worker_platform_20260713
phase: Phase 2: Red Concurrency and Failure Tests
task: 9
finding: DWP-T9-RB-005
phase_base_sha: 33d44fc81b84559c2ab7a48acfaf86554bf017a5
role_base_sha: 9d6b3af2608f0df7733197692a642905953c71f4
files_changed: packages/db/src/__tests__/durable-jobs-schema-pg16.red.test.ts; measure/tracks/durable_job_worker_platform_20260713/plan.md; measure/tracks/durable_job_worker_platform_20260713/task-9-review-b-rb-005-mid-red-20260816.md; measure/tracks/durable_job_worker_platform_20260713/orchestration/phase2-task9-review-b-rb-005-mid-red-role.log
known_failures: final schema assertion rejects valid char_length(btrim(actor)) definition; package-filtered typecheck was network-blocked
handoff: Green sentinel DWP-T9-RB-002; preserve the exact DWP-T9-RB-005 Red failure
END_MEASURE_AGENT_RESULT
