role: review-b-security
track: accounting_dedicated_db_launch_20260830
phase: Phase 3: Implement
audited_head: 9914d52d418d27d955a0750a1c8203830c86f0df

Reviewed the diff fa3f11edb7c55f260b2dd49dd990c05790dc8c3e..9914d52d418d27d955a0750a1c8203830c86f0df
(implementation commit e5c789dff + docs) and the full state of the security-sensitive
files at HEAD: packages/db/src/accounting/{environment,client,runtime,migration,doctor}.ts,
packages/db/accounting/drizzle.config.ts, apps/accounting/app/lib/public-url.ts,
apps/accounting/app/lib/company-oidc.ts, apps/accounting/cloudbuild.yaml,
apps/accounting/scripts/*.sql and *.sh, and the four auth routes.

Security audit result: PASS. No blocking findings. Three non-blocking observations recorded
(dev-only __Host- cookie secure flag, permanent rejection caching, passwordless-URL fail-closed).

MEASURE_AGENT_RESULT
role: review-b-security
track: accounting_dedicated_db_launch_20260830
phase: Phase 3: Implement
audited_head: 9914d52d418d27d955a0750a1c8203830c86f0df
status: pass
result_file: measure/tracks/accounting_dedicated_db_launch_20260830/reviews/phase3-review-b-2026-08-31.json
interphase_gate: pass
END_MEASURE_AGENT_RESULT
