actions/test.ts(19,7): error TS2322: Type 'string | null' is not assignable to type 'string'.
  Type 'null' is not assignable to type 'string'.
actions/test.ts(118,7): error TS2322: Type 'string[]' is not assignable to type 'string'.
actions/test.ts(118,18): error TS2352: Conversion of type 'string | null' to type 'string[]' may be a mistake because neither type sufficiently overlaps with the other. If this was intentional, convert the expression to 'unknown' first.
  Type 'string' is not comparable to type 'string[]'.
app/[locale]/(student)/student/read/[articleId]/page.tsx(88,31): error TS2322: Type '{ sentencsAndWordsForFlashcard: { id: string; articleId: string; sentence: unknown; audioSentencesUrl: string | null; words: unknown; wordsUrl: string | null; createdAt: Date; updatedAt: Date; }; ... 31 more ...; updatedAt: Date; }' is not assignable to type 'article'.
  Types of property 'summary' are incompatible.
    Type 'string | null' is not assignable to type 'string'.
      Type 'null' is not assignable to type 'string'.
app/[locale]/(student)/student/read/[articleId]/page.tsx(100,59): error TS2339: Property 'flatMap' does not exist on type '{ id: string; articleId: string; sentence: unknown; audioSentencesUrl: string | null; words: unknown; wordsUrl: string | null; createdAt: Date; updatedAt: Date; }'.
app/[locale]/(student)/student/read/[articleId]/page.tsx(101,18): error TS7006: Parameter 'word' implicitly has an 'any' type.
app/[locale]/(student)/student/read/[articleId]/page.tsx(104,17): error TS7053: Element implicitly has an 'any' type because expression of type '0' can't be used to index type '{ id: string; articleId: string; sentence: unknown; audioSentencesUrl: string | null; words: unknown; wordsUrl: string | null; createdAt: Date; updatedAt: Date; }'.
  Property '0' does not exist on type '{ id: string; articleId: string; sentence: unknown; audioSentencesUrl: string | null; words: unknown; wordsUrl: string | null; createdAt: Date; updatedAt: Date; }'.
app/[locale]/(student)/student/read/[articleId]/page.tsx(108,63): error TS2339: Property 'flatMap' does not exist on type '{ id: string; articleId: string; sentence: unknown; audioSentencesUrl: string | null; words: unknown; wordsUrl: string | null; createdAt: Date; updatedAt: Date; }'.
app/[locale]/(student)/student/read/[articleId]/page.tsx(109,18): error TS7006: Parameter 'sentence' implicitly has an 'any' type.
app/[locale]/(student)/student/read/[articleId]/page.tsx(112,17): error TS7053: Element implicitly has an 'any' type because expression of type '0' can't be used to index type '{ id: string; articleId: string; sentence: unknown; audioSentencesUrl: string | null; words: unknown; wordsUrl: string | null; createdAt: Date; updatedAt: Date; }'.
  Property '0' does not exist on type '{ id: string; articleId: string; sentence: unknown; audioSentencesUrl: string | null; words: unknown; wordsUrl: string | null; createdAt: Date; updatedAt: Date; }'.
app/[locale]/(student)/student/read/page.tsx(164,13): error TS2322: Type '{ id: string; title: string; content: string; summary: string | null; level: number | null; cefrLevel: string | null; topic: string | null; image: string | null; published: boolean; type: string | null; ... 20 more ...; updatedAt: Date; }[]' is not assignable to type 'Article[]'.
  Type '{ id: string; title: string; content: string; summary: string | null; level: number | null; cefrLevel: string | null; topic: string | null; image: string | null; published: boolean; type: string | null; ... 20 more ...; updatedAt: Date; }' is not assignable to type 'Article'.
    Types of property 'type' are incompatible.
      Type 'string | null' is not assignable to type 'string'.
        Type 'null' is not assignable to type 'string'.
app/[locale]/(student)/student/reports/page.tsx(31,27): error TS2322: Type '{ id: string; userId: string; activityType: string; xpEarned: number; metadata: string | null; targetId: string | null; timer: number | null; details: unknown; completed: boolean | null; updatedAt: Date; createdAt: Date; }[]' is not assignable to type 'UserActivityLog[]'.
  Type '{ id: string; userId: string; activityType: string; xpEarned: number; metadata: string | null; targetId: string | null; timer: number | null; details: unknown; completed: boolean | null; updatedAt: Date; createdAt: Date; }' is not assignable to type 'UserActivityLog'.
    Types of property 'completed' are incompatible.
      Type 'boolean | null' is not assignable to type 'boolean'.
        Type 'null' is not assignable to type 'boolean'.
app/[locale]/(student)/student/reports/page.tsx(35,13): error TS2322: Type '{ id: string; userId: string; activityType: string; xpEarned: number; metadata: string | null; targetId: string | null; timer: number | null; details: unknown; completed: boolean | null; updatedAt: Date; createdAt: Date; }[]' is not assignable to type 'UserActivityLog[]'.
  Type '{ id: string; userId: string; activityType: string; xpEarned: number; metadata: string | null; targetId: string | null; timer: number | null; details: unknown; completed: boolean | null; updatedAt: Date; createdAt: Date; }' is not assignable to type 'UserActivityLog'.
    Types of property 'completed' are incompatible.
      Type 'boolean | null' is not assignable to type 'boolean'.
        Type 'null' is not assignable to type 'boolean'.
app/[locale]/(student)/student/reports/page.tsx(39,30): error TS2322: Type '{ id: string; userId: string; activityType: string; xpEarned: number; metadata: string | null; targetId: string | null; timer: number | null; details: unknown; completed: boolean | null; updatedAt: Date; createdAt: Date; }[]' is not assignable to type 'UserActivityLog[]'.
  Type '{ id: string; userId: string; activityType: string; xpEarned: number; metadata: string | null; targetId: string | null; timer: number | null; details: unknown; completed: boolean | null; updatedAt: Date; createdAt: Date; }' is not assignable to type 'UserActivityLog'.
    Types of property 'completed' are incompatible.
      Type 'boolean | null' is not assignable to type 'boolean'.
        Type 'null' is not assignable to type 'boolean'.
app/[locale]/(student)/student/reports/page.tsx(43,32): error TS2322: Type '{ id: string; userId: string; activityType: string; xpEarned: number; metadata: string | null; targetId: string | null; timer: number | null; details: unknown; completed: boolean | null; updatedAt: Date; createdAt: Date; }[]' is not assignable to type 'UserActivityLog[]'.
  Type '{ id: string; userId: string; activityType: string; xpEarned: number; metadata: string | null; targetId: string | null; timer: number | null; details: unknown; completed: boolean | null; updatedAt: Date; createdAt: Date; }' is not assignable to type 'UserActivityLog'.
    Types of property 'completed' are incompatible.
      Type 'boolean | null' is not assignable to type 'boolean'.
        Type 'null' is not assignable to type 'boolean'.
app/[locale]/(student)/student/sentences/page.tsx(54,22): error TS2322: Type 'never[] | { id: string; deckId: string; front: string; back: string; sourceId: string | null; order: number; createdAt: Date; }[]' is not assignable to type 'Sentence[]'.
  Type '{ id: string; deckId: string; front: string; back: string; sourceId: string | null; order: number; createdAt: Date; }[]' is not assignable to type 'Sentence[]'.
    Type '{ id: string; deckId: string; front: string; back: string; sourceId: string | null; order: number; createdAt: Date; }' is missing the following properties from type 'Sentence': articleId, sentence, due
app/[locale]/teacher/student-progress/[id]/page.tsx(36,27): error TS2322: Type '{ id: string; userId: string; activityType: string; xpEarned: number; metadata: string | null; targetId: string | null; timer: number | null; details: unknown; completed: boolean | null; updatedAt: Date; createdAt: Date; }[]' is not assignable to type 'UserActivityLog[]'.
  Type '{ id: string; userId: string; activityType: string; xpEarned: number; metadata: string | null; targetId: string | null; timer: number | null; details: unknown; completed: boolean | null; updatedAt: Date; createdAt: Date; }' is not assignable to type 'UserActivityLog'.
    Types of property 'completed' are incompatible.
      Type 'boolean | null' is not assignable to type 'boolean'.
        Type 'null' is not assignable to type 'boolean'.
app/[locale]/teacher/student-progress/[id]/page.tsx(40,13): error TS2322: Type '{ id: string; userId: string; activityType: string; xpEarned: number; metadata: string | null; targetId: string | null; timer: number | null; details: unknown; completed: boolean | null; updatedAt: Date; createdAt: Date; }[]' is not assignable to type 'UserActivityLog[]'.
  Type '{ id: string; userId: string; activityType: string; xpEarned: number; metadata: string | null; targetId: string | null; timer: number | null; details: unknown; completed: boolean | null; updatedAt: Date; createdAt: Date; }' is not assignable to type 'UserActivityLog'.
    Types of property 'completed' are incompatible.
      Type 'boolean | null' is not assignable to type 'boolean'.
        Type 'null' is not assignable to type 'boolean'.
app/[locale]/teacher/student-progress/[id]/page.tsx(44,30): error TS2322: Type '{ id: string; userId: string; activityType: string; xpEarned: number; metadata: string | null; targetId: string | null; timer: number | null; details: unknown; completed: boolean | null; updatedAt: Date; createdAt: Date; }[]' is not assignable to type 'UserActivityLog[]'.
  Type '{ id: string; userId: string; activityType: string; xpEarned: number; metadata: string | null; targetId: string | null; timer: number | null; details: unknown; completed: boolean | null; updatedAt: Date; createdAt: Date; }' is not assignable to type 'UserActivityLog'.
    Types of property 'completed' are incompatible.
      Type 'boolean | null' is not assignable to type 'boolean'.
        Type 'null' is not assignable to type 'boolean'.
app/[locale]/teacher/student-progress/[id]/page.tsx(48,32): error TS2322: Type '{ id: string; userId: string; activityType: string; xpEarned: number; metadata: string | null; targetId: string | null; timer: number | null; details: unknown; completed: boolean | null; updatedAt: Date; createdAt: Date; }[]' is not assignable to type 'UserActivityLog[]'.
  Type '{ id: string; userId: string; activityType: string; xpEarned: number; metadata: string | null; targetId: string | null; timer: number | null; details: unknown; completed: boolean | null; updatedAt: Date; createdAt: Date; }' is not assignable to type 'UserActivityLog'.
    Types of property 'completed' are incompatible.
      Type 'boolean | null' is not assignable to type 'boolean'.
        Type 'null' is not assignable to type 'boolean'.
app/api/upload/classes/route.ts(179,7): error TS2322: Type '{ id: string; name: string | null; }' is not assignable to type '{ id: string; name: string; }'.
  Types of property 'name' are incompatible.
    Type 'string | null' is not assignable to type 'string'.
      Type 'null' is not assignable to type 'string'.
app/api/upload/classes/route.ts(728,13): error TS7022: 'roles' implicitly has type 'any' because it does not have a type annotation and is referenced directly or indirectly in its own initializer.
app/api/upload/classes/route.ts(728,44): error TS2448: Block-scoped variable 'roles' used before its declaration.
app/api/upload/classes/route.ts(729,42): error TS7006: Parameter 'role' implicitly has an 'any' type.
app/api/upload/csv/route.ts(59,7): error TS2322: Type '{ id: string; name: string | null; }' is not assignable to type '{ id: string; name: string; }'.
  Types of property 'name' are incompatible.
    Type 'string | null' is not assignable to type 'string'.
      Type 'null' is not assignable to type 'string'.
components/articles/questions/mc-question-card.tsx(29,18): error TS2339: Property 'MC_QUESTION' does not exist on type 'PgEnum<["ARTICLE_RATING", "ARTICLE_READ", "STORIES_RATING", "STORIES_READ", "CHAPTER_RATING", "CHAPTER_READ", "LEVEL_TEST", "MC_QUESTION", "SA_QUESTION", "LA_QUESTION", ... 6 more ..., "VOCABULARY_MATCHING"]>'.
components/articles/questions/mc-question-card.tsx(107,66): error TS2339: Property 'MC_QUESTION' does not exist on type 'PgEnum<["ARTICLE_RATING", "ARTICLE_READ", "STORIES_RATING", "STORIES_READ", "CHAPTER_RATING", "CHAPTER_READ", "LEVEL_TEST", "MC_QUESTION", "SA_QUESTION", "LA_QUESTION", ... 6 more ..., "VOCABULARY_MATCHING"]>'.
components/articles/questions/sa-question-content.tsx(114,13): error TS2304: Cannot find name 'update'.
components/articles/questions/sa-question-content.tsx(116,20): error TS2304: Cannot find name 'session'.
components/dashboard/user-reading-chart.tsx(54,52): error TS2339: Property 'ARTICLE_READ' does not exist on type 'PgEnum<["ARTICLE_RATING", "ARTICLE_READ", "STORIES_RATING", "STORIES_READ", "CHAPTER_RATING", "CHAPTER_READ", "LEVEL_TEST", "MC_QUESTION", "SA_QUESTION", "LA_QUESTION", ... 6 more ..., "VOCABULARY_MATCHING"]>'.
components/lesson/games/lesson-sentence-cloze-test.tsx(524,7): error TS2304: Cannot find name 'update'.
components/lesson/games/lesson-sentence-cloze-test.tsx(526,14): error TS2304: Cannot find name 'session'.
components/lesson/games/lesson-sentence-flashcard.tsx(230,13): error TS2304: Cannot find name 'update'.
components/lesson/games/lesson-sentence-flashcard.tsx(232,20): error TS2304: Cannot find name 'session'.
components/lesson/games/lesson-sentence-matching.tsx(217,7): error TS2304: Cannot find name 'update'.
components/lesson/games/lesson-sentence-matching.tsx(219,14): error TS2304: Cannot find name 'session'.
components/lesson/games/lesson-sentence-order.tsx(304,7): error TS2304: Cannot find name 'update'.
components/lesson/games/lesson-sentence-order.tsx(306,14): error TS2304: Cannot find name 'session'.
components/lesson/games/lesson-vocabulary-flashcard-card.tsx(236,13): error TS2552: Cannot find name 'update'. Did you mean 'Date'?
components/lesson/games/lesson-vocabulary-flashcard-card.tsx(238,20): error TS2552: Cannot find name 'session'. Did you mean 'XRSession'?
components/lesson/games/lesson-vocabulary-matching.tsx(215,7): error TS2552: Cannot find name 'update'. Did you mean 'Date'?
components/lesson/games/lesson-vocabulary-matching.tsx(217,14): error TS2304: Cannot find name 'session'.
components/lesson/pratice/lesson-task-mcq.tsx(208,13): error TS2552: Cannot find name 'update'. Did you mean 'Date'?
components/lesson/pratice/lesson-task-mcq.tsx(210,20): error TS2552: Cannot find name 'session'. Did you mean 'XRSession'?
components/lesson/pratice/lesson-task-saq.tsx(101,11): error TS2552: Cannot find name 'update'. Did you mean 'Date'?
components/lesson/pratice/lesson-task-saq.tsx(103,18): error TS2552: Cannot find name 'session'. Did you mean 'XRSession'?
components/lesson/task/task-lesson-summary.tsx(80,11): error TS2304: Cannot find name 'update'.
components/lesson/task/task-lesson-summary.tsx(82,18): error TS2304: Cannot find name 'session'.
components/nav/user-account-nav.tsx(106,11): error TS2367: This comparison appears to be unintentional because the types '"INTERN" | "STUDENT" | "TEACHER" | "ADMIN" | "SYSTEM" | "SALES_REP" | "SALES_ADMIN"' and 'Role.teacher' have no overlap.
components/nav/user-account-nav.tsx(107,11): error TS2367: This comparison appears to be unintentional because the types '"INTERN" | "STUDENT" | "TEACHER" | "ADMIN" | "SYSTEM" | "SALES_REP" | "SALES_ADMIN"' and 'Role.admin' have no overlap.
components/nav/user-account-nav.tsx(108,11): error TS2367: This comparison appears to be unintentional because the types '"INTERN" | "STUDENT" | "TEACHER" | "ADMIN" | "SYSTEM" | "SALES_REP" | "SALES_ADMIN"' and 'Role.system' have no overlap.
components/nav/user-account-nav.tsx(115,11): error TS2367: This comparison appears to be unintentional because the types '"INTERN" | "STUDENT" | "TEACHER" | "ADMIN" | "SYSTEM" | "SALES_REP" | "SALES_ADMIN"' and 'Role.admin' have no overlap.
components/nav/user-account-nav.tsx(115,40): error TS2367: This comparison appears to be unintentional because the types '"INTERN" | "STUDENT" | "TEACHER" | "ADMIN" | "SYSTEM" | "SALES_REP" | "SALES_ADMIN"' and 'Role.system' have no overlap.
components/nav/user-account-nav.tsx(122,10): error TS2367: This comparison appears to be unintentional because the types '"INTERN" | "STUDENT" | "TEACHER" | "ADMIN" | "SYSTEM" | "SALES_REP" | "SALES_ADMIN"' and 'Role.system' have no overlap.
components/nav/user-account-nav.tsx(144,10): error TS2367: This comparison appears to be unintentional because the types '"INTERN" | "STUDENT" | "TEACHER" | "ADMIN" | "SYSTEM" | "SALES_REP" | "SALES_ADMIN"' and 'Role.student' have no overlap.
components/pratice/cloze-test-game.tsx(522,7): error TS2304: Cannot find name 'update'.
components/pratice/cloze-test-game.tsx(524,14): error TS2304: Cannot find name 'session'.
components/pratice/matching-game.tsx(247,7): error TS2304: Cannot find name 'update'.
components/pratice/matching-game.tsx(249,14): error TS2304: Cannot find name 'session'.
components/pratice/order-sentences-game.tsx(298,7): error TS2304: Cannot find name 'update'.
components/pratice/order-sentences-game.tsx(300,14): error TS2304: Cannot find name 'session'.
components/school/school-detail.tsx(124,15): error TS2304: Cannot find name 'update'.
components/school/school-detail.tsx(125,14): error TS2304: Cannot find name 'session'.
components/school/school-detail.tsx(126,22): error TS2304: Cannot find name 'session'.
components/school/school-profile-form.tsx(107,15): error TS2304: Cannot find name 'update'.
components/school/school-profile-form.tsx(108,14): error TS2304: Cannot find name 'session'.
components/school/school-profile-form.tsx(109,22): error TS2304: Cannot find name 'session'.
components/shared/app-layout.tsx(47,7): error TS2367: This comparison appears to be unintentional because the types 'Role' and 'Role.student' have no overlap.
components/shared/app-layout.tsx(49,7): error TS2345: Argument of type 'string | null' is not assignable to parameter of type 'string | undefined'.
  Type 'null' is not assignable to type 'string | undefined'.
components/shared/app-layout.tsx(80,37): error TS2367: This comparison appears to be unintentional because the types 'Role' and 'Role.student' have no overlap.
components/student-assignment-table.tsx(33,10): error TS2305: Module '"@reading-advantage/db"' has no exported member 'assignmentStudents'.
components/student-assignment-table.tsx(69,11): error TS2749: 'AssignmentStatus' refers to a value, but is being used as a type here. Did you mean 'typeof AssignmentStatus'?
components/student-assignment-table.tsx(312,23): error TS2749: 'AssignmentStatus' refers to a value, but is being used as a type here. Did you mean 'typeof AssignmentStatus'?
components/student-assignment-table.tsx(314,40): error TS2749: 'AssignmentStatus' refers to a value, but is being used as a type here. Did you mean 'typeof AssignmentStatus'?
components/student-assignment-table.tsx(327,40): error TS2749: 'AssignmentStatus' refers to a value, but is being used as a type here. Did you mean 'typeof AssignmentStatus'?
components/system/edit-license-form.tsx(112,7): error TS2322: Type 'string | null' is not assignable to type 'string | undefined'.
  Type 'null' is not assignable to type 'string | undefined'.
components/system/edit-license-form.tsx(114,27): error TS2769: No overload matches this call.
  Overload 1 of 4, '(value: string | number | Date): Date', gave the following error.
    Argument of type 'Date | null' is not assignable to parameter of type 'string | number | Date'.
      Type 'null' is not assignable to type 'string | number | Date'.
  Overload 2 of 4, '(value: string | number): Date', gave the following error.
    Argument of type 'Date | null' is not assignable to parameter of type 'string | number'.
      Type 'null' is not assignable to type 'string | number'.
components/system/edit-license-form.tsx(116,18): error TS2769: No overload matches this call.
  Overload 1 of 4, '(value: string | number | Date): Date', gave the following error.
    Argument of type 'Date | null' is not assignable to parameter of type 'string | number | Date'.
      Type 'null' is not assignable to type 'string | number | Date'.
  Overload 2 of 4, '(value: string | number): Date', gave the following error.
    Argument of type 'Date | null' is not assignable to parameter of type 'string | number'.
      Type 'null' is not assignable to type 'string | number'.
components/system/edit-license-form.tsx(193,41): error TS2345: Argument of type '(data: { name: string; status: "active" | "inactive" | "expired"; maxUsers: number; startDate: Date; subscriptionType: "basic" | "premium" | "enterprise"; schoolId?: string | undefined; expiryDays?: number | undefined; }) => Promise<...>' is not assignable to parameter of type 'SubmitHandler<TFieldValues>'.
  Types of parameters 'data' and 'data' are incompatible.
    Type 'TFieldValues' is not assignable to type '{ name: string; status: "active" | "inactive" | "expired"; maxUsers: number; startDate: Date; subscriptionType: "basic" | "premium" | "enterprise"; schoolId?: string | undefined; expiryDays?: number | undefined; }'.
      Type 'FieldValues' is missing the following properties from type '{ name: string; status: "active" | "inactive" | "expired"; maxUsers: number; startDate: Date; subscriptionType: "basic" | "premium" | "enterprise"; schoolId?: string | undefined; expiryDays?: number | undefined; }': name, status, maxUsers, startDate, subscriptionType
components/system/edit-license-form.tsx(196,13): error TS2322: Type 'Control<{ name: string; status: "active" | "inactive" | "expired"; maxUsers: number; startDate: Date; subscriptionType: "basic" | "premium" | "enterprise"; schoolId?: string | undefined; expiryDays?: number | undefined; }, any, TFieldValues>' is not assignable to type 'Control<{ name: string; status: "active" | "inactive" | "expired"; maxUsers: number; startDate: Date; subscriptionType: "basic" | "premium" | "enterprise"; schoolId?: string | undefined; expiryDays?: number | undefined; }, any, { ...; }>'.
  The types of '_options.resolver' are incompatible between these types.
    Type 'Resolver<{ name: string; status: "active" | "inactive" | "expired"; maxUsers: number; startDate: Date; subscriptionType: "basic" | "premium" | "enterprise"; schoolId?: string | undefined; expiryDays?: number | undefined; }, any, TFieldValues> | undefined' is not assignable to type 'Resolver<{ name: string; status: "active" | "inactive" | "expired"; maxUsers: number; startDate: Date; subscriptionType: "basic" | "premium" | "enterprise"; schoolId?: string | undefined; expiryDays?: number | undefined; }, any, { ...; }> | undefined'.
      Type 'Resolver<{ name: string; status: "active" | "inactive" | "expired"; maxUsers: number; startDate: Date; subscriptionType: "basic" | "premium" | "enterprise"; schoolId?: string | undefined; expiryDays?: number | undefined; }, any, TFieldValues>' is not assignable to type 'Resolver<{ name: string; status: "active" | "inactive" | "expired"; maxUsers: number; startDate: Date; subscriptionType: "basic" | "premium" | "enterprise"; schoolId?: string | undefined; expiryDays?: number | undefined; }, any, { ...; }>'.
        Type 'ResolverResult<{ name: string; status: "active" | "inactive" | "expired"; maxUsers: number; startDate: Date; subscriptionType: "basic" | "premium" | "enterprise"; schoolId?: string | undefined; expiryDays?: number | undefined; }, TFieldValues> | Promise<...>' is not assignable to type 'ResolverResult<{ name: string; status: "active" | "inactive" | "expired"; maxUsers: number; startDate: Date; subscriptionType: "basic" | "premium" | "enterprise"; schoolId?: string | undefined; expiryDays?: number | undefined; }, { ...; }> | Promise<...>'.
          Type 'ResolverSuccess<TFieldValues>' is not assignable to type 'ResolverResult<{ name: string; status: "active" | "inactive" | "expired"; maxUsers: number; startDate: Date; subscriptionType: "basic" | "premium" | "enterprise"; schoolId?: string | undefined; expiryDays?: number | undefined; }, { ...; }> | Promise<...>'.
            Type 'ResolverSuccess<TFieldValues>' is not assignable to type 'ResolverSuccess<{ name: string; status: "active" | "inactive" | "expired"; maxUsers: number; startDate: Date; subscriptionType: "basic" | "premium" | "enterprise"; schoolId?: string | undefined; expiryDays?: number | undefined; }>'.
              Type 'TFieldValues' is not assignable to type '{ name: string; status: "active" | "inactive" | "expired"; maxUsers: number; startDate: Date; subscriptionType: "basic" | "premium" | "enterprise"; schoolId?: string | undefined; expiryDays?: number | undefined; }'.
                Type 'FieldValues' is missing the following properties from type '{ name: string; status: "active" | "inactive" | "expired"; maxUsers: number; startDate: Date; subscriptionType: "basic" | "premium" | "enterprise"; schoolId?: string | undefined; expiryDays?: number | undefined; }': name, status, maxUsers, startDate, subscriptionType
components/system/edit-license-form.tsx(213,13): error TS2322: Type 'Control<{ name: string; status: "active" | "inactive" | "expired"; maxUsers: number; startDate: Date; subscriptionType: "basic" | "premium" | "enterprise"; schoolId?: string | undefined; expiryDays?: number | undefined; }, any, TFieldValues>' is not assignable to type 'Control<{ name: string; status: "active" | "inactive" | "expired"; maxUsers: number; startDate: Date; subscriptionType: "basic" | "premium" | "enterprise"; schoolId?: string | undefined; expiryDays?: number | undefined; }, any, { ...; }>'.
  The types of '_options.resolver' are incompatible between these types.
    Type 'Resolver<{ name: string; status: "active" | "inactive" | "expired"; maxUsers: number; startDate: Date; subscriptionType: "basic" | "premium" | "enterprise"; schoolId?: string | undefined; expiryDays?: number | undefined; }, any, TFieldValues> | undefined' is not assignable to type 'Resolver<{ name: string; status: "active" | "inactive" | "expired"; maxUsers: number; startDate: Date; subscriptionType: "basic" | "premium" | "enterprise"; schoolId?: string | undefined; expiryDays?: number | undefined; }, any, { ...; }> | undefined'.
      Type 'Resolver<{ name: string; status: "active" | "inactive" | "expired"; maxUsers: number; startDate: Date; subscriptionType: "basic" | "premium" | "enterprise"; schoolId?: string | undefined; expiryDays?: number | undefined; }, any, TFieldValues>' is not assignable to type 'Resolver<{ name: string; status: "active" | "inactive" | "expired"; maxUsers: number; startDate: Date; subscriptionType: "basic" | "premium" | "enterprise"; schoolId?: string | undefined; expiryDays?: number | undefined; }, any, { ...; }>'.
        Type 'ResolverResult<{ name: string; status: "active" | "inactive" | "expired"; maxUsers: number; startDate: Date; subscriptionType: "basic" | "premium" | "enterprise"; schoolId?: string | undefined; expiryDays?: number | undefined; }, TFieldValues> | Promise<...>' is not assignable to type 'ResolverResult<{ name: string; status: "active" | "inactive" | "expired"; maxUsers: number; startDate: Date; subscriptionType: "basic" | "premium" | "enterprise"; schoolId?: string | undefined; expiryDays?: number | undefined; }, { ...; }> | Promise<...>'.
          Type 'ResolverSuccess<TFieldValues>' is not assignable to type 'ResolverResult<{ name: string; status: "active" | "inactive" | "expired"; maxUsers: number; startDate: Date; subscriptionType: "basic" | "premium" | "enterprise"; schoolId?: string | undefined; expiryDays?: number | undefined; }, { ...; }> | Promise<...>'.
            Type 'ResolverSuccess<TFieldValues>' is not assignable to type 'ResolverSuccess<{ name: string; status: "active" | "inactive" | "expired"; maxUsers: number; startDate: Date; subscriptionType: "basic" | "premium" | "enterprise"; schoolId?: string | undefined; expiryDays?: number | undefined; }>'.
              Type 'TFieldValues' is not assignable to type '{ name: string; status: "active" | "inactive" | "expired"; maxUsers: number; startDate: Date; subscriptionType: "basic" | "premium" | "enterprise"; schoolId?: string | undefined; expiryDays?: number | undefined; }'.
                Type 'FieldValues' is missing the following properties from type '{ name: string; status: "active" | "inactive" | "expired"; maxUsers: number; startDate: Date; subscriptionType: "basic" | "premium" | "enterprise"; schoolId?: string | undefined; expiryDays?: number | undefined; }': name, status, maxUsers, startDate, subscriptionType
components/system/edit-license-form.tsx(239,13): error TS2322: Type 'Control<{ name: string; status: "active" | "inactive" | "expired"; maxUsers: number; startDate: Date; subscriptionType: "basic" | "premium" | "enterprise"; schoolId?: string | undefined; expiryDays?: number | undefined; }, any, TFieldValues>' is not assignable to type 'Control<{ name: string; status: "active" | "inactive" | "expired"; maxUsers: number; startDate: Date; subscriptionType: "basic" | "premium" | "enterprise"; schoolId?: string | undefined; expiryDays?: number | undefined; }, any, { ...; }>'.
  The types of '_options.resolver' are incompatible between these types.
    Type 'Resolver<{ name: string; status: "active" | "inactive" | "expired"; maxUsers: number; startDate: Date; subscriptionType: "basic" | "premium" | "enterprise"; schoolId?: string | undefined; expiryDays?: number | undefined; }, any, TFieldValues> | undefined' is not assignable to type 'Resolver<{ name: string; status: "active" | "inactive" | "expired"; maxUsers: number; startDate: Date; subscriptionType: "basic" | "premium" | "enterprise"; schoolId?: string | undefined; expiryDays?: number | undefined; }, any, { ...; }> | undefined'.
      Type 'Resolver<{ name: string; status: "active" | "inactive" | "expired"; maxUsers: number; startDate: Date; subscriptionType: "basic" | "premium" | "enterprise"; schoolId?: string | undefined; expiryDays?: number | undefined; }, any, TFieldValues>' is not assignable to type 'Resolver<{ name: string; status: "active" | "inactive" | "expired"; maxUsers: number; startDate: Date; subscriptionType: "basic" | "premium" | "enterprise"; schoolId?: string | undefined; expiryDays?: number | undefined; }, any, { ...; }>'.
        Type 'ResolverResult<{ name: string; status: "active" | "inactive" | "expired"; maxUsers: number; startDate: Date; subscriptionType: "basic" | "premium" | "enterprise"; schoolId?: string | undefined; expiryDays?: number | undefined; }, TFieldValues> | Promise<...>' is not assignable to type 'ResolverResult<{ name: string; status: "active" | "inactive" | "expired"; maxUsers: number; startDate: Date; subscriptionType: "basic" | "premium" | "enterprise"; schoolId?: string | undefined; expiryDays?: number | undefined; }, { ...; }> | Promise<...>'.
          Type 'ResolverSuccess<TFieldValues>' is not assignable to type 'ResolverResult<{ name: string; status: "active" | "inactive" | "expired"; maxUsers: number; startDate: Date; subscriptionType: "basic" | "premium" | "enterprise"; schoolId?: string | undefined; expiryDays?: number | undefined; }, { ...; }> | Promise<...>'.
            Type 'ResolverSuccess<TFieldValues>' is not assignable to type 'ResolverSuccess<{ name: string; status: "active" | "inactive" | "expired"; maxUsers: number; startDate: Date; subscriptionType: "basic" | "premium" | "enterprise"; schoolId?: string | undefined; expiryDays?: number | undefined; }>'.
              Type 'TFieldValues' is not assignable to type '{ name: string; status: "active" | "inactive" | "expired"; maxUsers: number; startDate: Date; subscriptionType: "basic" | "premium" | "enterprise"; schoolId?: string | undefined; expiryDays?: number | undefined; }'.
                Type 'FieldValues' is missing the following properties from type '{ name: string; status: "active" | "inactive" | "expired"; maxUsers: number; startDate: Date; subscriptionType: "basic" | "premium" | "enterprise"; schoolId?: string | undefined; expiryDays?: number | undefined; }': name, status, maxUsers, startDate, subscriptionType
components/system/edit-license-form.tsx(277,13): error TS2322: Type 'Control<{ name: string; status: "active" | "inactive" | "expired"; maxUsers: number; startDate: Date; subscriptionType: "basic" | "premium" | "enterprise"; schoolId?: string | undefined; expiryDays?: number | undefined; }, any, TFieldValues>' is not assignable to type 'Control<{ name: string; status: "active" | "inactive" | "expired"; maxUsers: number; startDate: Date; subscriptionType: "basic" | "premium" | "enterprise"; schoolId?: string | undefined; expiryDays?: number | undefined; }, any, { ...; }>'.
  The types of '_options.resolver' are incompatible between these types.
    Type 'Resolver<{ name: string; status: "active" | "inactive" | "expired"; maxUsers: number; startDate: Date; subscriptionType: "basic" | "premium" | "enterprise"; schoolId?: string | undefined; expiryDays?: number | undefined; }, any, TFieldValues> | undefined' is not assignable to type 'Resolver<{ name: string; status: "active" | "inactive" | "expired"; maxUsers: number; startDate: Date; subscriptionType: "basic" | "premium" | "enterprise"; schoolId?: string | undefined; expiryDays?: number | undefined; }, any, { ...; }> | undefined'.
      Type 'Resolver<{ name: string; status: "active" | "inactive" | "expired"; maxUsers: number; startDate: Date; subscriptionType: "basic" | "premium" | "enterprise"; schoolId?: string | undefined; expiryDays?: number | undefined; }, any, TFieldValues>' is not assignable to type 'Resolver<{ name: string; status: "active" | "inactive" | "expired"; maxUsers: number; startDate: Date; subscriptionType: "basic" | "premium" | "enterprise"; schoolId?: string | undefined; expiryDays?: number | undefined; }, any, { ...; }>'.
        Type 'ResolverResult<{ name: string; status: "active" | "inactive" | "expired"; maxUsers: number; startDate: Date; subscriptionType: "basic" | "premium" | "enterprise"; schoolId?: string | undefined; expiryDays?: number | undefined; }, TFieldValues> | Promise<...>' is not assignable to type 'ResolverResult<{ name: string; status: "active" | "inactive" | "expired"; maxUsers: number; startDate: Date; subscriptionType: "basic" | "premium" | "enterprise"; schoolId?: string | undefined; expiryDays?: number | undefined; }, { ...; }> | Promise<...>'.
          Type 'ResolverSuccess<TFieldValues>' is not assignable to type 'ResolverResult<{ name: string; status: "active" | "inactive" | "expired"; maxUsers: number; startDate: Date; subscriptionType: "basic" | "premium" | "enterprise"; schoolId?: string | undefined; expiryDays?: number | undefined; }, { ...; }> | Promise<...>'.
            Type 'ResolverSuccess<TFieldValues>' is not assignable to type 'ResolverSuccess<{ name: string; status: "active" | "inactive" | "expired"; maxUsers: number; startDate: Date; subscriptionType: "basic" | "premium" | "enterprise"; schoolId?: string | undefined; expiryDays?: number | undefined; }>'.
              Type 'TFieldValues' is not assignable to type '{ name: string; status: "active" | "inactive" | "expired"; maxUsers: number; startDate: Date; subscriptionType: "basic" | "premium" | "enterprise"; schoolId?: string | undefined; expiryDays?: number | undefined; }'.
                Type 'FieldValues' is missing the following properties from type '{ name: string; status: "active" | "inactive" | "expired"; maxUsers: number; startDate: Date; subscriptionType: "basic" | "premium" | "enterprise"; schoolId?: string | undefined; expiryDays?: number | undefined; }': name, status, maxUsers, startDate, subscriptionType
components/system/edit-license-form.tsx(308,13): error TS2322: Type 'Control<{ name: string; status: "active" | "inactive" | "expired"; maxUsers: number; startDate: Date; subscriptionType: "basic" | "premium" | "enterprise"; schoolId?: string | undefined; expiryDays?: number | undefined; }, any, TFieldValues>' is not assignable to type 'Control<{ name: string; status: "active" | "inactive" | "expired"; maxUsers: number; startDate: Date; subscriptionType: "basic" | "premium" | "enterprise"; schoolId?: string | undefined; expiryDays?: number | undefined; }, any, { ...; }>'.
  The types of '_options.resolver' are incompatible between these types.
    Type 'Resolver<{ name: string; status: "active" | "inactive" | "expired"; maxUsers: number; startDate: Date; subscriptionType: "basic" | "premium" | "enterprise"; schoolId?: string | undefined; expiryDays?: number | undefined; }, any, TFieldValues> | undefined' is not assignable to type 'Resolver<{ name: string; status: "active" | "inactive" | "expired"; maxUsers: number; startDate: Date; subscriptionType: "basic" | "premium" | "enterprise"; schoolId?: string | undefined; expiryDays?: number | undefined; }, any, { ...; }> | undefined'.
      Type 'Resolver<{ name: string; status: "active" | "inactive" | "expired"; maxUsers: number; startDate: Date; subscriptionType: "basic" | "premium" | "enterprise"; schoolId?: string | undefined; expiryDays?: number | undefined; }, any, TFieldValues>' is not assignable to type 'Resolver<{ name: string; status: "active" | "inactive" | "expired"; maxUsers: number; startDate: Date; subscriptionType: "basic" | "premium" | "enterprise"; schoolId?: string | undefined; expiryDays?: number | undefined; }, any, { ...; }>'.
        Type 'ResolverResult<{ name: string; status: "active" | "inactive" | "expired"; maxUsers: number; startDate: Date; subscriptionType: "basic" | "premium" | "enterprise"; schoolId?: string | undefined; expiryDays?: number | undefined; }, TFieldValues> | Promise<...>' is not assignable to type 'ResolverResult<{ name: string; status: "active" | "inactive" | "expired"; maxUsers: number; startDate: Date; subscriptionType: "basic" | "premium" | "enterprise"; schoolId?: string | undefined; expiryDays?: number | undefined; }, { ...; }> | Promise<...>'.
          Type 'ResolverSuccess<TFieldValues>' is not assignable to type 'ResolverResult<{ name: string; status: "active" | "inactive" | "expired"; maxUsers: number; startDate: Date; subscriptionType: "basic" | "premium" | "enterprise"; schoolId?: string | undefined; expiryDays?: number | undefined; }, { ...; }> | Promise<...>'.
            Type 'ResolverSuccess<TFieldValues>' is not assignable to type 'ResolverSuccess<{ name: string; status: "active" | "inactive" | "expired"; maxUsers: number; startDate: Date; subscriptionType: "basic" | "premium" | "enterprise"; schoolId?: string | undefined; expiryDays?: number | undefined; }>'.
              Type 'TFieldValues' is not assignable to type '{ name: string; status: "active" | "inactive" | "expired"; maxUsers: number; startDate: Date; subscriptionType: "basic" | "premium" | "enterprise"; schoolId?: string | undefined; expiryDays?: number | undefined; }'.
                Type 'FieldValues' is missing the following properties from type '{ name: string; status: "active" | "inactive" | "expired"; maxUsers: number; startDate: Date; subscriptionType: "basic" | "premium" | "enterprise"; schoolId?: string | undefined; expiryDays?: number | undefined; }': name, status, maxUsers, startDate, subscriptionType
components/system/edit-license-form.tsx(330,13): error TS2322: Type 'Control<{ name: string; status: "active" | "inactive" | "expired"; maxUsers: number; startDate: Date; subscriptionType: "basic" | "premium" | "enterprise"; schoolId?: string | undefined; expiryDays?: number | undefined; }, any, TFieldValues>' is not assignable to type 'Control<{ name: string; status: "active" | "inactive" | "expired"; maxUsers: number; startDate: Date; subscriptionType: "basic" | "premium" | "enterprise"; schoolId?: string | undefined; expiryDays?: number | undefined; }, any, { ...; }>'.
  The types of '_options.resolver' are incompatible between these types.
    Type 'Resolver<{ name: string; status: "active" | "inactive" | "expired"; maxUsers: number; startDate: Date; subscriptionType: "basic" | "premium" | "enterprise"; schoolId?: string | undefined; expiryDays?: number | undefined; }, any, TFieldValues> | undefined' is not assignable to type 'Resolver<{ name: string; status: "active" | "inactive" | "expired"; maxUsers: number; startDate: Date; subscriptionType: "basic" | "premium" | "enterprise"; schoolId?: string | undefined; expiryDays?: number | undefined; }, any, { ...; }> | undefined'.
      Type 'Resolver<{ name: string; status: "active" | "inactive" | "expired"; maxUsers: number; startDate: Date; subscriptionType: "basic" | "premium" | "enterprise"; schoolId?: string | undefined; expiryDays?: number | undefined; }, any, TFieldValues>' is not assignable to type 'Resolver<{ name: string; status: "active" | "inactive" | "expired"; maxUsers: number; startDate: Date; subscriptionType: "basic" | "premium" | "enterprise"; schoolId?: string | undefined; expiryDays?: number | undefined; }, any, { ...; }>'.
        Type 'ResolverResult<{ name: string; status: "active" | "inactive" | "expired"; maxUsers: number; startDate: Date; subscriptionType: "basic" | "premium" | "enterprise"; schoolId?: string | undefined; expiryDays?: number | undefined; }, TFieldValues> | Promise<...>' is not assignable to type 'ResolverResult<{ name: string; status: "active" | "inactive" | "expired"; maxUsers: number; startDate: Date; subscriptionType: "basic" | "premium" | "enterprise"; schoolId?: string | undefined; expiryDays?: number | undefined; }, { ...; }> | Promise<...>'.
          Type 'ResolverSuccess<TFieldValues>' is not assignable to type 'ResolverResult<{ name: string; status: "active" | "inactive" | "expired"; maxUsers: number; startDate: Date; subscriptionType: "basic" | "premium" | "enterprise"; schoolId?: string | undefined; expiryDays?: number | undefined; }, { ...; }> | Promise<...>'.
            Type 'ResolverSuccess<TFieldValues>' is not assignable to type 'ResolverSuccess<{ name: string; status: "active" | "inactive" | "expired"; maxUsers: number; startDate: Date; subscriptionType: "basic" | "premium" | "enterprise"; schoolId?: string | undefined; expiryDays?: number | undefined; }>'.
              Type 'TFieldValues' is not assignable to type '{ name: string; status: "active" | "inactive" | "expired"; maxUsers: number; startDate: Date; subscriptionType: "basic" | "premium" | "enterprise"; schoolId?: string | undefined; expiryDays?: number | undefined; }'.
                Type 'FieldValues' is missing the following properties from type '{ name: string; status: "active" | "inactive" | "expired"; maxUsers: number; startDate: Date; subscriptionType: "basic" | "premium" | "enterprise"; schoolId?: string | undefined; expiryDays?: number | undefined; }': name, status, maxUsers, startDate, subscriptionType
components/system/edit-license-form.tsx(373,11): error TS2322: Type 'Control<{ name: string; status: "active" | "inactive" | "expired"; maxUsers: number; startDate: Date; subscriptionType: "basic" | "premium" | "enterprise"; schoolId?: string | undefined; expiryDays?: number | undefined; }, any, TFieldValues>' is not assignable to type 'Control<{ name: string; status: "active" | "inactive" | "expired"; maxUsers: number; startDate: Date; subscriptionType: "basic" | "premium" | "enterprise"; schoolId?: string | undefined; expiryDays?: number | undefined; }, any, { ...; }>'.
  The types of '_options.resolver' are incompatible between these types.
    Type 'Resolver<{ name: string; status: "active" | "inactive" | "expired"; maxUsers: number; startDate: Date; subscriptionType: "basic" | "premium" | "enterprise"; schoolId?: string | undefined; expiryDays?: number | undefined; }, any, TFieldValues> | undefined' is not assignable to type 'Resolver<{ name: string; status: "active" | "inactive" | "expired"; maxUsers: number; startDate: Date; subscriptionType: "basic" | "premium" | "enterprise"; schoolId?: string | undefined; expiryDays?: number | undefined; }, any, { ...; }> | undefined'.
      Type 'Resolver<{ name: string; status: "active" | "inactive" | "expired"; maxUsers: number; startDate: Date; subscriptionType: "basic" | "premium" | "enterprise"; schoolId?: string | undefined; expiryDays?: number | undefined; }, any, TFieldValues>' is not assignable to type 'Resolver<{ name: string; status: "active" | "inactive" | "expired"; maxUsers: number; startDate: Date; subscriptionType: "basic" | "premium" | "enterprise"; schoolId?: string | undefined; expiryDays?: number | undefined; }, any, { ...; }>'.
        Type 'ResolverResult<{ name: string; status: "active" | "inactive" | "expired"; maxUsers: number; startDate: Date; subscriptionType: "basic" | "premium" | "enterprise"; schoolId?: string | undefined; expiryDays?: number | undefined; }, TFieldValues> | Promise<...>' is not assignable to type 'ResolverResult<{ name: string; status: "active" | "inactive" | "expired"; maxUsers: number; startDate: Date; subscriptionType: "basic" | "premium" | "enterprise"; schoolId?: string | undefined; expiryDays?: number | undefined; }, { ...; }> | Promise<...>'.
          Type 'ResolverSuccess<TFieldValues>' is not assignable to type 'ResolverResult<{ name: string; status: "active" | "inactive" | "expired"; maxUsers: number; startDate: Date; subscriptionType: "basic" | "premium" | "enterprise"; schoolId?: string | undefined; expiryDays?: number | undefined; }, { ...; }> | Promise<...>'.
            Type 'ResolverSuccess<TFieldValues>' is not assignable to type 'ResolverSuccess<{ name: string; status: "active" | "inactive" | "expired"; maxUsers: number; startDate: Date; subscriptionType: "basic" | "premium" | "enterprise"; schoolId?: string | undefined; expiryDays?: number | undefined; }>'.
              Type 'TFieldValues' is not assignable to type '{ name: string; status: "active" | "inactive" | "expired"; maxUsers: number; startDate: Date; subscriptionType: "basic" | "premium" | "enterprise"; schoolId?: string | undefined; expiryDays?: number | undefined; }'.
                Type 'FieldValues' is missing the following properties from type '{ name: string; status: "active" | "inactive" | "expired"; maxUsers: number; startDate: Date; subscriptionType: "basic" | "premium" | "enterprise"; schoolId?: string | undefined; expiryDays?: number | undefined; }': name, status, maxUsers, startDate, subscriptionType
components/teacher/my-students.tsx(192,9): error TS2367: This comparison appears to be unintentional because the types '"INTERN" | "STUDENT" | "TEACHER" | "ADMIN" | "SYSTEM" | "SALES_REP" | "SALES_ADMIN" | undefined' and '"system"' have no overlap.
lib/test.ts(6,18): error TS2339: Property 'exists' does not exist on type 'Storage'.
server/controllers/classroomController.ts(65,23): error TS2367: This comparison appears to be unintentional because the types 'Role' and '"teacher"' have no overlap.
server/controllers/classroomController.ts(189,12): error TS2678: Type '"system"' is not comparable to type 'Role'.
server/controllers/classroomController.ts(194,12): error TS2678: Type '"admin"' is not comparable to type 'Role'.
server/controllers/classroomController.ts(198,12): error TS2678: Type '"teacher"' is not comparable to type 'Role'.
server/controllers/classroomController.ts(250,23): error TS2367: This comparison appears to be unintentional because the types '"TEACHER" | "SYSTEM"' and '"teacher"' have no overlap.
server/controllers/classroomController.ts(300,23): error TS2367: This comparison appears to be unintentional because the types '"TEACHER" | "SYSTEM"' and '"teacher"' have no overlap.
server/controllers/classroomController.ts(346,23): error TS2367: This comparison appears to be unintentional because the types '"TEACHER" | "SYSTEM"' and '"teacher"' have no overlap.
server/controllers/classroomController.ts(384,9): error TS2367: This comparison appears to be unintentional because the types 'Role' and '"user"' have no overlap.
server/controllers/classroomController.ts(384,33): error TS2367: This comparison appears to be unintentional because the types 'Role' and '"student"' have no overlap.
server/models/articleModel.ts(182,54): error TS2769: No overload matches this call.
  Overload 1 of 2, '(value: { title: string | SQL<unknown> | Placeholder<string, any>; content: string | SQL<unknown> | Placeholder<string, any>; id?: string | SQL<unknown> | Placeholder<string, any> | undefined; ... 27 more ...; updatedAt?: Date | ... 2 more ... | undefined; }): PgInsertBase<...>', gave the following error.
    Argument of type '{ title: string; passage: string; summary: string; translatedSummary: { th: string; cn: string; tw: string; vi: string; }; imageDescription: string; genre: string; subGenre: string; type: string; ... 7 more ...; rating: number; }' is not assignable to parameter of type '{ title: string | SQL<unknown> | Placeholder<string, any>; content: string | SQL<unknown> | Placeholder<string, any>; id?: string | SQL<unknown> | Placeholder<string, any> | undefined; ... 27 more ...; updatedAt?: Date | ... 2 more ... | undefined; }'.
      Property 'content' is missing in type '{ title: string; passage: string; summary: string; translatedSummary: { th: string; cn: string; tw: string; vi: string; }; imageDescription: string; genre: string; subGenre: string; type: string; ... 7 more ...; rating: number; }' but required in type '{ title: string | SQL<unknown> | Placeholder<string, any>; content: string | SQL<unknown> | Placeholder<string, any>; id?: string | SQL<unknown> | Placeholder<string, any> | undefined; ... 27 more ...; updatedAt?: Date | ... 2 more ... | undefined; }'.
  Overload 2 of 2, '(values: { title: string | SQL<unknown> | Placeholder<string, any>; content: string | SQL<unknown> | Placeholder<string, any>; id?: string | SQL<unknown> | Placeholder<string, any> | undefined; ... 27 more ...; updatedAt?: Date | ... 2 more ... | undefined; }[]): PgInsertBase<...>', gave the following error.
    Object literal may only specify known properties, and 'title' does not exist in type '{ title: string | SQL<unknown> | Placeholder<string, any>; content: string | SQL<unknown> | Placeholder<string, any>; id?: string | SQL<unknown> | Placeholder<string, any> | undefined; ... 27 more ...; updatedAt?: Date | ... 2 more ... | undefined; }[]'.
server/models/articleModel.ts(228,42): error TS2769: No overload matches this call.
  Overload 1 of 2, '(value: { options: unknown; question: string | SQL<unknown> | Placeholder<string, any>; correctAnswer: number | SQL<unknown> | Placeholder<string, any>; id?: string | SQL<...> | Placeholder<...> | undefined; ... 7 more ...; textualEvidence?: string | ... 3 more ... | undefined; }): PgInsertBase<...>', gave the following error.
    Argument of type '{ question: string; options: string[]; answer: string; articleId: string; }' is not assignable to parameter of type '{ options: unknown; question: string | SQL<unknown> | Placeholder<string, any>; correctAnswer: number | SQL<unknown> | Placeholder<string, any>; id?: string | SQL<...> | Placeholder<...> | undefined; ... 7 more ...; textualEvidence?: string | ... 3 more ... | undefined; }'.
      Property 'correctAnswer' is missing in type '{ question: string; options: string[]; answer: string; articleId: string; }' but required in type '{ options: unknown; question: string | SQL<unknown> | Placeholder<string, any>; correctAnswer: number | SQL<unknown> | Placeholder<string, any>; id?: string | SQL<...> | Placeholder<...> | undefined; ... 7 more ...; textualEvidence?: string | ... 3 more ... | undefined; }'.
  Overload 2 of 2, '(values: { options: unknown; question: string | SQL<unknown> | Placeholder<string, any>; correctAnswer: number | SQL<unknown> | Placeholder<string, any>; id?: string | SQL<...> | Placeholder<...> | undefined; ... 7 more ...; textualEvidence?: string | ... 3 more ... | undefined; }[]): PgInsertBase<...>', gave the following error.
    Object literal may only specify known properties, and 'question' does not exist in type '{ options: unknown; question: string | SQL<unknown> | Placeholder<string, any>; correctAnswer: number | SQL<unknown> | Placeholder<string, any>; id?: string | SQL<...> | Placeholder<...> | undefined; ... 7 more ...; textualEvidence?: string | ... 3 more ... | undefined; }[]'.
server/models/articleModel.ts(643,31): error TS2769: No overload matches this call.
  Overload 1 of 2, '(value: { title: string | SQL<unknown> | Placeholder<string, any>; content: string | SQL<unknown> | Placeholder<string, any>; id?: string | SQL<unknown> | Placeholder<string, any> | undefined; ... 27 more ...; updatedAt?: Date | ... 2 more ... | undefined; }): PgInsertBase<...>', gave the following error.
    Argument of type '{ title: string; passage: string; summary: string; translatedSummary: { th: string; cn: string; tw: string; vi: string; }; imageDescription: string; brainstorming: string | null | undefined; ... 9 more ...; authorId: string; }' is not assignable to parameter of type '{ title: string | SQL<unknown> | Placeholder<string, any>; content: string | SQL<unknown> | Placeholder<string, any>; id?: string | SQL<unknown> | Placeholder<string, any> | undefined; ... 27 more ...; updatedAt?: Date | ... 2 more ... | undefined; }'.
      Property 'content' is missing in type '{ title: string; passage: string; summary: string; translatedSummary: { th: string; cn: string; tw: string; vi: string; }; imageDescription: string; brainstorming: string | null | undefined; ... 9 more ...; authorId: string; }' but required in type '{ title: string | SQL<unknown> | Placeholder<string, any>; content: string | SQL<unknown> | Placeholder<string, any>; id?: string | SQL<unknown> | Placeholder<string, any> | undefined; ... 27 more ...; updatedAt?: Date | ... 2 more ... | undefined; }'.
  Overload 2 of 2, '(values: { title: string | SQL<unknown> | Placeholder<string, any>; content: string | SQL<unknown> | Placeholder<string, any>; id?: string | SQL<unknown> | Placeholder<string, any> | undefined; ... 27 more ...; updatedAt?: Date | ... 2 more ... | undefined; }[]): PgInsertBase<...>', gave the following error.
    Object literal may only specify known properties, and 'title' does not exist in type '{ title: string | SQL<unknown> | Placeholder<string, any>; content: string | SQL<unknown> | Placeholder<string, any>; id?: string | SQL<unknown> | Placeholder<string, any> | undefined; ... 27 more ...; updatedAt?: Date | ... 2 more ... | undefined; }[]'.
server/models/articleModel.ts(743,7): error TS2345: Argument of type 'string | null' is not assignable to parameter of type 'string'.
  Type 'null' is not assignable to type 'string'.
server/models/articleModel.ts(752,9): error TS2322: Type 'string | null' is not assignable to type 'string'.
  Type 'null' is not assignable to type 'string'.
server/models/articleModel.ts(754,9): error TS2322: Type 'string | null' is not assignable to type 'string'.
  Type 'null' is not assignable to type 'string'.
server/models/articleModel.ts(774,44): error TS2769: No overload matches this call.
  Overload 1 of 2, '(value: { options: unknown; question: string | SQL<unknown> | Placeholder<string, any>; correctAnswer: number | SQL<unknown> | Placeholder<string, any>; id?: string | SQL<...> | Placeholder<...> | undefined; ... 7 more ...; textualEvidence?: string | ... 3 more ... | undefined; }): PgInsertBase<...>', gave the following error.
    Argument of type '{ question: string; options: string[]; answer: string; articleId: string; }' is not assignable to parameter of type '{ options: unknown; question: string | SQL<unknown> | Placeholder<string, any>; correctAnswer: number | SQL<unknown> | Placeholder<string, any>; id?: string | SQL<...> | Placeholder<...> | undefined; ... 7 more ...; textualEvidence?: string | ... 3 more ... | undefined; }'.
      Property 'correctAnswer' is missing in type '{ question: string; options: string[]; answer: string; articleId: string; }' but required in type '{ options: unknown; question: string | SQL<unknown> | Placeholder<string, any>; correctAnswer: number | SQL<unknown> | Placeholder<string, any>; id?: string | SQL<...> | Placeholder<...> | undefined; ... 7 more ...; textualEvidence?: string | ... 3 more ... | undefined; }'.
  Overload 2 of 2, '(values: { options: unknown; question: string | SQL<unknown> | Placeholder<string, any>; correctAnswer: number | SQL<unknown> | Placeholder<string, any>; id?: string | SQL<...> | Placeholder<...> | undefined; ... 7 more ...; textualEvidence?: string | ... 3 more ... | undefined; }[]): PgInsertBase<...>', gave the following error.
    Object literal may only specify known properties, and 'question' does not exist in type '{ options: unknown; question: string | SQL<unknown> | Placeholder<string, any>; correctAnswer: number | SQL<unknown> | Placeholder<string, any>; id?: string | SQL<...> | Placeholder<...> | undefined; ... 7 more ...; textualEvidence?: string | ... 3 more ... | undefined; }[]'.
server/models/assignmentModel.ts(76,59): error TS2769: No overload matches this call.
  Overload 1 of 2, '(value: { title: string | SQL<unknown> | Placeholder<string, any>; type: string | SQL<unknown> | Placeholder<string, any>; teacherId: string | SQL<unknown> | Placeholder<...>; ... 8 more ...; teacherName?: string | ... 3 more ... | undefined; }): PgInsertBase<...>', gave the following error.
    Argument of type '{ classroomId: string; articleId: string; title: string; teacherId: string; teacherName: string | null; description: string; dueDate: Date; }' is not assignable to parameter of type '{ title: string | SQL<unknown> | Placeholder<string, any>; type: string | SQL<unknown> | Placeholder<string, any>; teacherId: string | SQL<unknown> | Placeholder<...>; ... 8 more ...; teacherName?: string | ... 3 more ... | undefined; }'.
      Property 'type' is missing in type '{ classroomId: string; articleId: string; title: string; teacherId: string; teacherName: string | null; description: string; dueDate: Date; }' but required in type '{ title: string | SQL<unknown> | Placeholder<string, any>; type: string | SQL<unknown> | Placeholder<string, any>; teacherId: string | SQL<unknown> | Placeholder<...>; ... 8 more ...; teacherName?: string | ... 3 more ... | undefined; }'.
  Overload 2 of 2, '(values: { title: string | SQL<unknown> | Placeholder<string, any>; type: string | SQL<unknown> | Placeholder<string, any>; teacherId: string | SQL<unknown> | Placeholder<...>; ... 8 more ...; teacherName?: string | ... 3 more ... | undefined; }[]): PgInsertBase<...>', gave the following error.
    Object literal may only specify known properties, and 'classroomId' does not exist in type '{ title: string | SQL<unknown> | Placeholder<string, any>; type: string | SQL<unknown> | Placeholder<string, any>; teacherId: string | SQL<unknown> | Placeholder<...>; ... 8 more ...; teacherName?: string | ... 3 more ... | undefined; }[]'.
server/models/assignmentModel.ts(386,41): error TS2769: No overload matches this call.
  Overload 1 of 2, '(value: { userId: string | SQL<unknown> | Placeholder<string, any>; lessonId: string | SQL<unknown> | Placeholder<string, any>; id?: string | SQL<unknown> | Placeholder<...> | undefined; ... 8 more ...; isCompleted?: boolean | ... 2 more ... | undefined; }): PgInsertBase<...>', gave the following error.
    Argument of type '{ userId: string; articleId: string; assignmentId: string; progress: number; timeSpent: number; }' is not assignable to parameter of type '{ userId: string | SQL<unknown> | Placeholder<string, any>; lessonId: string | SQL<unknown> | Placeholder<string, any>; id?: string | SQL<unknown> | Placeholder<string, any> | undefined; ... 8 more ...; isCompleted?: boolean | ... 2 more ... | undefined; }'.
      Property 'lessonId' is missing in type '{ userId: string; articleId: string; assignmentId: string; progress: number; timeSpent: number; }' but required in type '{ userId: string | SQL<unknown> | Placeholder<string, any>; lessonId: string | SQL<unknown> | Placeholder<string, any>; id?: string | SQL<unknown> | Placeholder<string, any> | undefined; ... 8 more ...; isCompleted?: boolean | ... 2 more ... | undefined; }'.
  Overload 2 of 2, '(values: { userId: string | SQL<unknown> | Placeholder<string, any>; lessonId: string | SQL<unknown> | Placeholder<string, any>; id?: string | SQL<unknown> | Placeholder<...> | undefined; ... 8 more ...; isCompleted?: boolean | ... 2 more ... | undefined; }[]): PgInsertBase<...>', gave the following error.
    Object literal may only specify known properties, and 'userId' does not exist in type '{ userId: string | SQL<unknown> | Placeholder<string, any>; lessonId: string | SQL<unknown> | Placeholder<string, any>; id?: string | SQL<unknown> | Placeholder<string, any> | undefined; ... 8 more ...; isCompleted?: boolean | ... 2 more ... | undefined; }[]'.
server/models/classroomModel.ts(75,57): error TS2769: No overload matches this call.
  Overload 1 of 2, '(value: { name: string | SQL<unknown> | Placeholder<string, any>; teacherId: string | SQL<unknown> | Placeholder<string, any>; id?: string | SQL<unknown> | Placeholder<...> | undefined; ... 8 more ...; passwordStudents?: string | ... 3 more ... | undefined; }): PgInsertBase<...>', gave the following error.
    Argument of type '{ name: string; classCode: string | null; grade: number | null; schoolId: string | null; }' is not assignable to parameter of type '{ name: string | SQL<unknown> | Placeholder<string, any>; teacherId: string | SQL<unknown> | Placeholder<string, any>; id?: string | SQL<unknown> | Placeholder<string, any> | undefined; ... 8 more ...; passwordStudents?: string | ... 3 more ... | undefined; }'.
      Property 'teacherId' is missing in type '{ name: string; classCode: string | null; grade: number | null; schoolId: string | null; }' but required in type '{ name: string | SQL<unknown> | Placeholder<string, any>; teacherId: string | SQL<unknown> | Placeholder<string, any>; id?: string | SQL<unknown> | Placeholder<string, any> | undefined; ... 8 more ...; passwordStudents?: string | ... 3 more ... | undefined; }'.
  Overload 2 of 2, '(values: { name: string | SQL<unknown> | Placeholder<string, any>; teacherId: string | SQL<unknown> | Placeholder<string, any>; id?: string | SQL<unknown> | Placeholder<...> | undefined; ... 8 more ...; passwordStudents?: string | ... 3 more ... | undefined; }[]): PgInsertBase<...>', gave the following error.
    Object literal may only specify known properties, and 'name' does not exist in type '{ name: string | SQL<unknown> | Placeholder<string, any>; teacherId: string | SQL<unknown> | Placeholder<string, any>; id?: string | SQL<unknown> | Placeholder<string, any> | undefined; ... 8 more ...; passwordStudents?: string | ... 3 more ... | undefined; }[]'.
server/models/classroomModel.ts(91,37): error TS2769: No overload matches this call.
  Overload 1 of 2, '(value: { name: string | SQL<unknown> | Placeholder<string, any>; teacherId: string | SQL<unknown> | Placeholder<string, any>; id?: string | SQL<unknown> | Placeholder<...> | undefined; ... 8 more ...; passwordStudents?: string | ... 3 more ... | undefined; }): PgInsertBase<...>', gave the following error.
    Argument of type '{ name: string; classCode: string | null; grade: number | null; schoolId: string | null; }' is not assignable to parameter of type '{ name: string | SQL<unknown> | Placeholder<string, any>; teacherId: string | SQL<unknown> | Placeholder<string, any>; id?: string | SQL<unknown> | Placeholder<string, any> | undefined; ... 8 more ...; passwordStudents?: string | ... 3 more ... | undefined; }'.
      Property 'teacherId' is missing in type '{ name: string; classCode: string | null; grade: number | null; schoolId: string | null; }' but required in type '{ name: string | SQL<unknown> | Placeholder<string, any>; teacherId: string | SQL<unknown> | Placeholder<string, any>; id?: string | SQL<unknown> | Placeholder<string, any> | undefined; ... 8 more ...; passwordStudents?: string | ... 3 more ... | undefined; }'.
  Overload 2 of 2, '(values: { name: string | SQL<unknown> | Placeholder<string, any>; teacherId: string | SQL<unknown> | Placeholder<string, any>; id?: string | SQL<unknown> | Placeholder<...> | undefined; ... 8 more ...; passwordStudents?: string | ... 3 more ... | undefined; }[]): PgInsertBase<...>', gave the following error.
    Object literal may only specify known properties, and 'name' does not exist in type '{ name: string | SQL<unknown> | Placeholder<string, any>; teacherId: string | SQL<unknown> | Placeholder<string, any>; id?: string | SQL<unknown> | Placeholder<string, any> | undefined; ... 8 more ...; passwordStudents?: string | ... 3 more ... | undefined; }[]'.
server/models/classroomModel.ts(102,35): error TS2769: No overload matches this call.
  Overload 1 of 2, '(value: { name: string | SQL<unknown> | Placeholder<string, any>; teacherId: string | SQL<unknown> | Placeholder<string, any>; id?: string | SQL<unknown> | Placeholder<...> | undefined; ... 8 more ...; passwordStudents?: string | ... 3 more ... | undefined; }): PgInsertBase<...>', gave the following error.
    Argument of type '{ name: string; classCode: string | null; grade: number | null; }' is not assignable to parameter of type '{ name: string | SQL<unknown> | Placeholder<string, any>; teacherId: string | SQL<unknown> | Placeholder<string, any>; id?: string | SQL<unknown> | Placeholder<string, any> | undefined; ... 8 more ...; passwordStudents?: string | ... 3 more ... | undefined; }'.
      Property 'teacherId' is missing in type '{ name: string; classCode: string | null; grade: number | null; }' but required in type '{ name: string | SQL<unknown> | Placeholder<string, any>; teacherId: string | SQL<unknown> | Placeholder<string, any>; id?: string | SQL<unknown> | Placeholder<string, any> | undefined; ... 8 more ...; passwordStudents?: string | ... 3 more ... | undefined; }'.
  Overload 2 of 2, '(values: { name: string | SQL<unknown> | Placeholder<string, any>; teacherId: string | SQL<unknown> | Placeholder<string, any>; id?: string | SQL<unknown> | Placeholder<...> | undefined; ... 8 more ...; passwordStudents?: string | ... 3 more ... | undefined; }[]): PgInsertBase<...>', gave the following error.
    Object literal may only specify known properties, and 'name' does not exist in type '{ name: string | SQL<unknown> | Placeholder<string, any>; teacherId: string | SQL<unknown> | Placeholder<string, any>; id?: string | SQL<unknown> | Placeholder<string, any> | undefined; ... 8 more ...; passwordStudents?: string | ... 3 more ... | undefined; }[]'.
server/models/classroomModel.ts(172,42): error TS2339: Property 'id' does not exist on type '{ users: { id: string; username: string; displayUsername: string; name: string | null; email: string | null; image: string | null; githubUsername: string | null; role: "INTERN" | "STUDENT" | ... 4 more ... | "SALES_ADMIN"; ... 10 more ...; updatedAt: Date; }; user_roles: { ...; }; roles: { ...; }; }'.
server/models/classroomModel.ts(885,44): error TS2339: Property 'user' does not exist on type '{ id: string; userId: string; name: string | null; email: string | null; }'.
server/models/lessonModel.ts(105,41): error TS2769: No overload matches this call.
  Overload 1 of 2, '(value: { userId: string | SQL<unknown> | Placeholder<string, any>; lessonId: string | SQL<unknown> | Placeholder<string, any>; id?: string | SQL<unknown> | Placeholder<...> | undefined; ... 8 more ...; isCompleted?: boolean | ... 2 more ... | undefined; }): PgInsertBase<...>', gave the following error.
    Argument of type '{ userId: string; articleId: string; assignmentId: null; progress: number; timeSpent: number; isCompleted: boolean; }' is not assignable to parameter of type '{ userId: string | SQL<unknown> | Placeholder<string, any>; lessonId: string | SQL<unknown> | Placeholder<string, any>; id?: string | SQL<unknown> | Placeholder<string, any> | undefined; ... 8 more ...; isCompleted?: boolean | ... 2 more ... | undefined; }'.
      Property 'lessonId' is missing in type '{ userId: string; articleId: string; assignmentId: null; progress: number; timeSpent: number; isCompleted: boolean; }' but required in type '{ userId: string | SQL<unknown> | Placeholder<string, any>; lessonId: string | SQL<unknown> | Placeholder<string, any>; id?: string | SQL<unknown> | Placeholder<string, any> | undefined; ... 8 more ...; isCompleted?: boolean | ... 2 more ... | undefined; }'.
  Overload 2 of 2, '(values: { userId: string | SQL<unknown> | Placeholder<string, any>; lessonId: string | SQL<unknown> | Placeholder<string, any>; id?: string | SQL<unknown> | Placeholder<...> | undefined; ... 8 more ...; isCompleted?: boolean | ... 2 more ... | undefined; }[]): PgInsertBase<...>', gave the following error.
    Object literal may only specify known properties, and 'userId' does not exist in type '{ userId: string | SQL<unknown> | Placeholder<string, any>; lessonId: string | SQL<unknown> | Placeholder<string, any>; id?: string | SQL<unknown> | Placeholder<string, any> | undefined; ... 8 more ...; isCompleted?: boolean | ... 2 more ... | undefined; }[]'.
server/models/studentModel.ts(74,28): error TS2769: No overload matches this call.
  Overload 1 of 3, '(left: PgColumn<{ name: "school_id"; tableName: "users"; dataType: "string"; columnType: "PgUUID"; data: string; driverParam: string; notNull: false; hasDefault: false; isPrimaryKey: false; isAutoincrement: false; ... 4 more ...; generated: undefined; }, {}, {}>, right: string | SQLWrapper): SQL<...>', gave the following error.
    Argument of type 'string | null' is not assignable to parameter of type 'string | SQLWrapper'.
      Type 'null' is not assignable to type 'string | SQLWrapper'.
  Overload 2 of 3, '(left: Aliased<string | null>, right: string | SQLWrapper | null): SQL<unknown>', gave the following error.
    Argument of type 'PgColumn<{ name: "school_id"; tableName: "users"; dataType: "string"; columnType: "PgUUID"; data: string; driverParam: string; notNull: false; hasDefault: false; isPrimaryKey: false; isAutoincrement: false; ... 4 more ...; generated: undefined; }, {}, {}>' is not assignable to parameter of type 'Aliased<string | null>'.
      Type 'PgColumn<{ name: "school_id"; tableName: "users"; dataType: "string"; columnType: "PgUUID"; data: string; driverParam: string; notNull: false; hasDefault: false; isPrimaryKey: false; isAutoincrement: false; ... 4 more ...; generated: undefined; }, {}, {}>' is missing the following properties from type 'Aliased<string | null>': sql, fieldAlias
  Overload 3 of 3, '(left: never, right: unknown): SQL<unknown>', gave the following error.
    Argument of type 'PgColumn<{ name: "school_id"; tableName: "users"; dataType: "string"; columnType: "PgUUID"; data: string; driverParam: string; notNull: false; hasDefault: false; isPrimaryKey: false; isAutoincrement: false; ... 4 more ...; generated: undefined; }, {}, {}>' is not assignable to parameter of type 'never'.
server/models/studentModel.ts(199,28): error TS2769: No overload matches this call.
  Overload 1 of 3, '(left: PgColumn<{ name: "school_id"; tableName: "users"; dataType: "string"; columnType: "PgUUID"; data: string; driverParam: string; notNull: false; hasDefault: false; isPrimaryKey: false; isAutoincrement: false; ... 4 more ...; generated: undefined; }, {}, {}>, right: string | SQLWrapper): SQL<...>', gave the following error.
    Argument of type 'string | null' is not assignable to parameter of type 'string | SQLWrapper'.
      Type 'null' is not assignable to type 'string | SQLWrapper'.
  Overload 2 of 3, '(left: Aliased<string | null>, right: string | SQLWrapper | null): SQL<unknown>', gave the following error.
    Argument of type 'PgColumn<{ name: "school_id"; tableName: "users"; dataType: "string"; columnType: "PgUUID"; data: string; driverParam: string; notNull: false; hasDefault: false; isPrimaryKey: false; isAutoincrement: false; ... 4 more ...; generated: undefined; }, {}, {}>' is not assignable to parameter of type 'Aliased<string | null>'.
      Type 'PgColumn<{ name: "school_id"; tableName: "users"; dataType: "string"; columnType: "PgUUID"; data: string; driverParam: string; notNull: false; hasDefault: false; isPrimaryKey: false; isAutoincrement: false; ... 4 more ...; generated: undefined; }, {}, {}>' is missing the following properties from type 'Aliased<string | null>': sql, fieldAlias
  Overload 3 of 3, '(left: never, right: unknown): SQL<unknown>', gave the following error.
    Argument of type 'PgColumn<{ name: "school_id"; tableName: "users"; dataType: "string"; columnType: "PgUUID"; data: string; driverParam: string; notNull: false; hasDefault: false; isPrimaryKey: false; isAutoincrement: false; ... 4 more ...; generated: undefined; }, {}, {}>' is not assignable to parameter of type 'never'.
server/models/studentModel.ts(315,48): error TS2769: No overload matches this call.
  Overload 1 of 2, '(value: { username: string | SQL<unknown> | Placeholder<string, any>; id: string | SQL<unknown> | Placeholder<string, any>; displayUsername: string | SQL<unknown> | Placeholder<...>; ... 15 more ...; emailVerified?: Date | ... 3 more ... | undefined; }): PgInsertBase<...>', gave the following error.
    Argument of type '{ name: string; email: string; password: string; cefrLevel: string; schoolId: string | null; xp: number; level: number; }' is not assignable to parameter of type '{ username: string | SQL<unknown> | Placeholder<string, any>; id: string | SQL<unknown> | Placeholder<string, any>; displayUsername: string | SQL<unknown> | Placeholder<...>; ... 15 more ...; emailVerified?: Date | ... 3 more ... | undefined; }'.
      Type '{ name: string; email: string; password: string; cefrLevel: string; schoolId: string | null; xp: number; level: number; }' is missing the following properties from type '{ username: string | SQL<unknown> | Placeholder<string, any>; id: string | SQL<unknown> | Placeholder<string, any>; displayUsername: string | SQL<unknown> | Placeholder<...>; ... 15 more ...; emailVerified?: Date | ... 3 more ... | undefined; }': username, id, displayUsername
  Overload 2 of 2, '(values: { username: string | SQL<unknown> | Placeholder<string, any>; id: string | SQL<unknown> | Placeholder<string, any>; displayUsername: string | SQL<unknown> | Placeholder<...>; ... 15 more ...; emailVerified?: Date | ... 3 more ... | undefined; }[]): PgInsertBase<...>', gave the following error.
    Object literal may only specify known properties, and 'name' does not exist in type '{ username: string | SQL<unknown> | Placeholder<string, any>; id: string | SQL<unknown> | Placeholder<string, any>; displayUsername: string | SQL<unknown> | Placeholder<...>; ... 15 more ...; emailVerified?: Date | ... 3 more ... | undefined; }[]'.
server/models/studentModel.ts(401,28): error TS2769: No overload matches this call.
  Overload 1 of 3, '(left: PgColumn<{ name: "school_id"; tableName: "users"; dataType: "string"; columnType: "PgUUID"; data: string; driverParam: string; notNull: false; hasDefault: false; isPrimaryKey: false; isAutoincrement: false; ... 4 more ...; generated: undefined; }, {}, {}>, right: string | SQLWrapper): SQL<...>', gave the following error.
    Argument of type 'string | null' is not assignable to parameter of type 'string | SQLWrapper'.
      Type 'null' is not assignable to type 'string | SQLWrapper'.
  Overload 2 of 3, '(left: Aliased<string | null>, right: string | SQLWrapper | null): SQL<unknown>', gave the following error.
    Argument of type 'PgColumn<{ name: "school_id"; tableName: "users"; dataType: "string"; columnType: "PgUUID"; data: string; driverParam: string; notNull: false; hasDefault: false; isPrimaryKey: false; isAutoincrement: false; ... 4 more ...; generated: undefined; }, {}, {}>' is not assignable to parameter of type 'Aliased<string | null>'.
      Type 'PgColumn<{ name: "school_id"; tableName: "users"; dataType: "string"; columnType: "PgUUID"; data: string; driverParam: string; notNull: false; hasDefault: false; isPrimaryKey: false; isAutoincrement: false; ... 4 more ...; generated: undefined; }, {}, {}>' is missing the following properties from type 'Aliased<string | null>': sql, fieldAlias
  Overload 3 of 3, '(left: never, right: unknown): SQL<unknown>', gave the following error.
    Argument of type 'PgColumn<{ name: "school_id"; tableName: "users"; dataType: "string"; columnType: "PgUUID"; data: string; driverParam: string; notNull: false; hasDefault: false; isPrimaryKey: false; isAutoincrement: false; ... 4 more ...; generated: undefined; }, {}, {}>' is not assignable to parameter of type 'never'.
server/models/studentModel.ts(552,28): error TS2769: No overload matches this call.
  Overload 1 of 3, '(left: PgColumn<{ name: "school_id"; tableName: "users"; dataType: "string"; columnType: "PgUUID"; data: string; driverParam: string; notNull: false; hasDefault: false; isPrimaryKey: false; isAutoincrement: false; ... 4 more ...; generated: undefined; }, {}, {}>, right: string | SQLWrapper): SQL<...>', gave the following error.
    Argument of type 'string | null' is not assignable to parameter of type 'string | SQLWrapper'.
      Type 'null' is not assignable to type 'string | SQLWrapper'.
  Overload 2 of 3, '(left: Aliased<string | null>, right: string | SQLWrapper | null): SQL<unknown>', gave the following error.
    Argument of type 'PgColumn<{ name: "school_id"; tableName: "users"; dataType: "string"; columnType: "PgUUID"; data: string; driverParam: string; notNull: false; hasDefault: false; isPrimaryKey: false; isAutoincrement: false; ... 4 more ...; generated: undefined; }, {}, {}>' is not assignable to parameter of type 'Aliased<string | null>'.
      Type 'PgColumn<{ name: "school_id"; tableName: "users"; dataType: "string"; columnType: "PgUUID"; data: string; driverParam: string; notNull: false; hasDefault: false; isPrimaryKey: false; isAutoincrement: false; ... 4 more ...; generated: undefined; }, {}, {}>' is missing the following properties from type 'Aliased<string | null>': sql, fieldAlias
  Overload 3 of 3, '(left: never, right: unknown): SQL<unknown>', gave the following error.
    Argument of type 'PgColumn<{ name: "school_id"; tableName: "users"; dataType: "string"; columnType: "PgUUID"; data: string; driverParam: string; notNull: false; hasDefault: false; isPrimaryKey: false; isAutoincrement: false; ... 4 more ...; generated: undefined; }, {}, {}>' is not assignable to parameter of type 'never'.
server/models/studentModel.ts(596,28): error TS2769: No overload matches this call.
  Overload 1 of 3, '(left: PgColumn<{ name: "school_id"; tableName: "users"; dataType: "string"; columnType: "PgUUID"; data: string; driverParam: string; notNull: false; hasDefault: false; isPrimaryKey: false; isAutoincrement: false; ... 4 more ...; generated: undefined; }, {}, {}>, right: string | SQLWrapper): SQL<...>', gave the following error.
    Argument of type 'string | null' is not assignable to parameter of type 'string | SQLWrapper'.
      Type 'null' is not assignable to type 'string | SQLWrapper'.
  Overload 2 of 3, '(left: Aliased<string | null>, right: string | SQLWrapper | null): SQL<unknown>', gave the following error.
    Argument of type 'PgColumn<{ name: "school_id"; tableName: "users"; dataType: "string"; columnType: "PgUUID"; data: string; driverParam: string; notNull: false; hasDefault: false; isPrimaryKey: false; isAutoincrement: false; ... 4 more ...; generated: undefined; }, {}, {}>' is not assignable to parameter of type 'Aliased<string | null>'.
      Type 'PgColumn<{ name: "school_id"; tableName: "users"; dataType: "string"; columnType: "PgUUID"; data: string; driverParam: string; notNull: false; hasDefault: false; isPrimaryKey: false; isAutoincrement: false; ... 4 more ...; generated: undefined; }, {}, {}>' is missing the following properties from type 'Aliased<string | null>': sql, fieldAlias
  Overload 3 of 3, '(left: never, right: unknown): SQL<unknown>', gave the following error.
    Argument of type 'PgColumn<{ name: "school_id"; tableName: "users"; dataType: "string"; columnType: "PgUUID"; data: string; driverParam: string; notNull: false; hasDefault: false; isPrimaryKey: false; isAutoincrement: false; ... 4 more ...; generated: undefined; }, {}, {}>' is not assignable to parameter of type 'never'.
server/models/teacherModel.ts(159,11): error TS2322: Type '{ id: string; name: string | null; email: string | null; role: string; createdAt: string; image: string | null; schoolId: string | null; cefrLevel: string; totalStudents: number; totalClasses: number; assignedClassrooms: { ...; }[]; }[]' is not assignable to type 'TeacherData[]'.
  Type '{ id: string; name: string | null; email: string | null; role: string; createdAt: string; image: string | null; schoolId: string | null; cefrLevel: string; totalStudents: number; totalClasses: number; assignedClassrooms: { ...; }[]; }' is not assignable to type 'TeacherData'.
    Types of property 'assignedClassrooms' are incompatible.
      Type '{ id: string; name: string; grade: number | null; }[]' is not assignable to type '{ id: string; name: string; grade?: string | null | undefined; }[]'.
        Type '{ id: string; name: string; grade: number | null; }' is not assignable to type '{ id: string; name: string; grade?: string | null | undefined; }'.
          Types of property 'grade' are incompatible.
            Type 'number | null' is not assignable to type 'string | null | undefined'.
              Type 'number' is not assignable to type 'string'.
server/models/teacherModel.ts(280,7): error TS2322: Type '{ id: string; name: string; grade: number | null; }[]' is not assignable to type '{ id: string; name: string; grade?: string | null | undefined; }[]'.
  Type '{ id: string; name: string; grade: number | null; }' is not assignable to type '{ id: string; name: string; grade?: string | null | undefined; }'.
    Types of property 'grade' are incompatible.
      Type 'number | null' is not assignable to type 'string | null | undefined'.
        Type 'number' is not assignable to type 'string'.
server/models/teacherModel.ts(374,15): error TS2322: Type 'string | null' is not assignable to type 'string'.
  Type 'null' is not assignable to type 'string'.
server/models/teacherModel.ts(429,45): error TS2769: No overload matches this call.
  Overload 1 of 2, '(value: { username: string | SQL<unknown> | Placeholder<string, any>; id: string | SQL<unknown> | Placeholder<string, any>; displayUsername: string | SQL<unknown> | Placeholder<...>; ... 15 more ...; emailVerified?: Date | ... 3 more ... | undefined; }): PgInsertBase<...>', gave the following error.
    Argument of type '{ name: string; email: string; password: string; schoolId: string | null; }' is not assignable to parameter of type '{ username: string | SQL<unknown> | Placeholder<string, any>; id: string | SQL<unknown> | Placeholder<string, any>; displayUsername: string | SQL<unknown> | Placeholder<...>; ... 15 more ...; emailVerified?: Date | ... 3 more ... | undefined; }'.
      Type '{ name: string; email: string; password: string; schoolId: string | null; }' is missing the following properties from type '{ username: string | SQL<unknown> | Placeholder<string, any>; id: string | SQL<unknown> | Placeholder<string, any>; displayUsername: string | SQL<unknown> | Placeholder<...>; ... 15 more ...; emailVerified?: Date | ... 3 more ... | undefined; }': username, id, displayUsername
  Overload 2 of 2, '(values: { username: string | SQL<unknown> | Placeholder<string, any>; id: string | SQL<unknown> | Placeholder<string, any>; displayUsername: string | SQL<unknown> | Placeholder<...>; ... 15 more ...; emailVerified?: Date | ... 3 more ... | undefined; }[]): PgInsertBase<...>', gave the following error.
    Object literal may only specify known properties, and 'name' does not exist in type '{ username: string | SQL<unknown> | Placeholder<string, any>; id: string | SQL<unknown> | Placeholder<string, any>; displayUsername: string | SQL<unknown> | Placeholder<...>; ... 15 more ...; emailVerified?: Date | ... 3 more ... | undefined; }[]'.
server/models/teacherModel.ts(531,5): error TS2322: Type '{ id: string; name: string; grade: number | null; }[]' is not assignable to type '{ id: string; name: string; grade?: string | null | undefined; }[]'.
  Type '{ id: string; name: string; grade: number | null; }' is not assignable to type '{ id: string; name: string; grade?: string | null | undefined; }'.
    Types of property 'grade' are incompatible.
      Type 'number | null' is not assignable to type 'string | null | undefined'.
        Type 'number' is not assignable to type 'string'.
server/models/userModel.ts(51,45): error TS2769: No overload matches this call.
  Overload 1 of 2, '(value: { username: string | SQL<unknown> | Placeholder<string, any>; id: string | SQL<unknown> | Placeholder<string, any>; displayUsername: string | SQL<unknown> | Placeholder<...>; ... 15 more ...; emailVerified?: Date | ... 3 more ... | undefined; }): PgInsertBase<...>', gave the following error.
    Argument of type '{ name: string; email: string; password: string; }' is not assignable to parameter of type '{ username: string | SQL<unknown> | Placeholder<string, any>; id: string | SQL<unknown> | Placeholder<string, any>; displayUsername: string | SQL<unknown> | Placeholder<...>; ... 15 more ...; emailVerified?: Date | ... 3 more ... | undefined; }'.
      Type '{ name: string; email: string; password: string; }' is missing the following properties from type '{ username: string | SQL<unknown> | Placeholder<string, any>; id: string | SQL<unknown> | Placeholder<string, any>; displayUsername: string | SQL<unknown> | Placeholder<...>; ... 15 more ...; emailVerified?: Date | ... 3 more ... | undefined; }': username, id, displayUsername
  Overload 2 of 2, '(values: { username: string | SQL<unknown> | Placeholder<string, any>; id: string | SQL<unknown> | Placeholder<string, any>; displayUsername: string | SQL<unknown> | Placeholder<...>; ... 15 more ...; emailVerified?: Date | ... 3 more ... | undefined; }[]): PgInsertBase<...>', gave the following error.
    Object literal may only specify known properties, and 'name' does not exist in type '{ username: string | SQL<unknown> | Placeholder<string, any>; id: string | SQL<unknown> | Placeholder<string, any>; displayUsername: string | SQL<unknown> | Placeholder<...>; ... 15 more ...; emailVerified?: Date | ... 3 more ... | undefined; }[]'.
server/utils/assistant.ts(52,24): error TS18047: 'article.cefrLevel' is possibly 'null'.
server/utils/assistant.ts(116,24): error TS18047: 'article.cefrLevel' is possibly 'null'.
server/utils/genaretors/image-generator.ts(4,3): error TS2305: Module '"@reading-advantage/ai/internal-sdk"' has no exported member 'NoImageGeneratedError'.
server/utils/genaretors/image-generator.ts(5,3): error TS2305: Module '"@reading-advantage/ai/internal-sdk"' has no exported member 'APICallError'.
server/utils/genaretors/image-generator.ts(8,10): error TS2305: Module '"@reading-advantage/ai/internal-sdk"' has no exported member 'vertex'.
server/utils/genaretors/sentence-translator.ts(149,7): error TS2345: Argument of type 'string | null' is not assignable to parameter of type 'string | undefined'.
  Type 'null' is not assignable to type 'string | undefined'.
server/utils/genaretors/story-generator.ts(50,7): error TS2353: Object literal may only specify known properties, and 'maxTokens' does not exist in type 'Omit<CallSettings, "stopSequences"> & { system?: string | undefined; allowSystemInMessages?: boolean | undefined; } & { prompt: string | ModelMessage[]; messages?: undefined; } & { ...; } & { ...; }'.
/home/daniel-bo/Desktop/reading-advantage-monorepo/apps/primary-advantage:
[ERR_PNPM_RECURSIVE_RUN_FIRST_FAIL] primary-advantage@0.1.0 check-types: `tsc --noEmit`
Exit status 2
$ tsc --noEmit
