app/api/ai/recommendations/otel-route-span.test.ts(120,4): error TS2769: No overload matches this call.
  Overload 1 of 2, '(path: string, factory?: ModuleMockFactoryWithHelper | ModuleMockOptions | undefined): void', gave the following error.
    Argument of type 'Promise<typeof import("/home/daniel-bo/Desktop/reading-advantage-monorepo/node_modules/zod/index")>' is not assignable to parameter of type 'string'.
  Overload 2 of 2, '(module: Promise<typeof import("/home/daniel-bo/Desktop/reading-advantage-monorepo/node_modules/zod/index")>, factory?: ModuleMockOptions | ModuleMockFactoryWithHelper<typeof import("/home/daniel-bo/Desktop/reading-advantage-monorepo/node_modules/zod/index")> | undefined): void', gave the following error.
    Argument of type '(importOriginal: <T extends typeof import("/home/daniel-bo/Desktop/reading-advantage-monorepo/node_modules/zod/index") = typeof import("/home/daniel-bo/Desktop/reading-advantage-monorepo/node_modules/zod/index")>() => Promise<...>) => Promise<...>' is not assignable to parameter of type 'ModuleMockOptions | ModuleMockFactoryWithHelper<typeof import("/home/daniel-bo/Desktop/reading-advantage-monorepo/node_modules/zod/index")> | undefined'.
      Type '(importOriginal: <T extends typeof import("/home/daniel-bo/Desktop/reading-advantage-monorepo/node_modules/zod/index") = typeof import("/home/daniel-bo/Desktop/reading-advantage-monorepo/node_modules/zod/index")>() => Promise<...>) => Promise<...>' is not assignable to type 'ModuleMockFactoryWithHelper<typeof import("/home/daniel-bo/Desktop/reading-advantage-monorepo/node_modules/zod/index")>'.
        Type 'Promise<{ z: {}; default: {}; setErrorMap(map: ZodErrorMap): void; getErrorMap(): ZodErrorMap; defaultErrorMap: ZodErrorMap; addIssueToContext(ctx: ParseContext, issueData: IssueData): void; ... 102 more ...; ZodError: typeof ZodError; }>' is not assignable to type 'Awaitable<Partial<typeof import("/home/daniel-bo/Desktop/reading-advantage-monorepo/node_modules/zod/index")>>'.
          Type 'Promise<{ z: {}; default: {}; setErrorMap(map: ZodErrorMap): void; getErrorMap(): ZodErrorMap; defaultErrorMap: ZodErrorMap; addIssueToContext(ctx: ParseContext, issueData: IssueData): void; ... 102 more ...; ZodError: typeof ZodError; }>' is not assignable to type 'PromiseLike<Partial<typeof import("/home/daniel-bo/Desktop/reading-advantage-monorepo/node_modules/zod/index")>>'.
            Types of property 'then' are incompatible.
              Type '<TResult1 = { z: {}; default: {}; setErrorMap(map: ZodErrorMap): void; getErrorMap(): ZodErrorMap; defaultErrorMap: ZodErrorMap; addIssueToContext(ctx: ParseContext, issueData: IssueData): void; ... 102 more ...; ZodError: typeof ZodError; }, TResult2 = never>(onfulfilled?: ((value: { ...; }) => TResult1 | PromiseLi...' is not assignable to type '<TResult1 = Partial<typeof import("/home/daniel-bo/Desktop/reading-advantage-monorepo/node_modules/zod/index")>, TResult2 = never>(onfulfilled?: ((value: Partial<typeof import("/home/daniel-bo/Desktop/reading-advantage-monorepo/node_modules/zod/index")>) => TResult1 | PromiseLike<...>) | null | undefined, onrejected...'.
                Types of parameters 'onfulfilled' and 'onfulfilled' are incompatible.
                  Types of parameters 'value' and 'value' are incompatible.
                    Type '{ z: {}; default: {}; setErrorMap(map: ZodErrorMap): void; getErrorMap(): ZodErrorMap; defaultErrorMap: ZodErrorMap; ... 103 more ...; ZodError: typeof ZodError; }' is not assignable to type 'Partial<typeof import("/home/daniel-bo/Desktop/reading-advantage-monorepo/node_modules/zod/index")>'.
                      Types of property 'z' are incompatible.
                        Type '{}' is missing the following properties from type 'typeof import("/home/daniel-bo/Desktop/reading-advantage-monorepo/node_modules/zod/v3/external")': setErrorMap, getErrorMap, defaultErrorMap, addIssueToContext, and 103 more.
instrumentation.ts(46,22): error TS2322: Type 'BatchSpanProcessor' is not assignable to type 'SpanProcessor'.
  Types of property 'onStart' are incompatible.
    Type '(_span: Span, _parentContext: Context) => void' is not assignable to type '(span: Span, parentContext: Context) => void'.
      Types of parameters '_span' and 'span' are incompatible.
        Type 'import("/home/daniel-bo/Desktop/reading-advantage-monorepo/node_modules/@opentelemetry/sdk-trace-base/build/src/Span").Span' is not assignable to type 'import("/home/daniel-bo/Desktop/reading-advantage-monorepo/apps/science-advantage/node_modules/@opentelemetry/sdk-trace-base/build/src/Span").Span'.
          Property 'instrumentationScope' is missing in type 'Span' but required in type 'ReadableSpan'.
instrumentation.ts(46,45): error TS2345: Argument of type 'OTLPTraceExporter | ConsoleSpanExporter' is not assignable to parameter of type 'SpanExporter'.
  Type 'OTLPTraceExporter' is not assignable to type 'SpanExporter'.
    Types of property 'export' are incompatible.
      Type '(items: ReadableSpan[], resultCallback: (result: ExportResult) => void) => void' is not assignable to type '(spans: ReadableSpan[], resultCallback: (result: ExportResult) => void) => void'.
        Types of parameters 'items' and 'spans' are incompatible.
          Type 'import("/home/daniel-bo/Desktop/reading-advantage-monorepo/apps/science-advantage/node_modules/@opentelemetry/sdk-trace-base/build/src/export/ReadableSpan").ReadableSpan[]' is not assignable to type 'import("/home/daniel-bo/Desktop/reading-advantage-monorepo/node_modules/@opentelemetry/sdk-trace-base/build/src/export/ReadableSpan").ReadableSpan[]'.
            Property 'instrumentationLibrary' is missing in type 'import("/home/daniel-bo/Desktop/reading-advantage-monorepo/apps/science-advantage/node_modules/@opentelemetry/sdk-trace-base/build/src/export/ReadableSpan").ReadableSpan' but required in type 'import("/home/daniel-bo/Desktop/reading-advantage-monorepo/node_modules/@opentelemetry/sdk-trace-base/build/src/export/ReadableSpan").ReadableSpan'.
lib/__tests__/housekeeping-phase7-git-notes.test.ts(497,35): error TS2345: Argument of type 'string' is not assignable to parameter of type '"1f8c2a013723e717564bf780030f5603a28da025" | "3d3528e581547504cb55cbb0af19a92e0904e49f"'.
lib/ai/__tests__/recommendation-service.otel.test.ts(115,4): error TS2769: No overload matches this call.
  Overload 1 of 2, '(path: string, factory?: ModuleMockFactoryWithHelper | ModuleMockOptions | undefined): void', gave the following error.
    Argument of type 'Promise<typeof import("/home/daniel-bo/Desktop/reading-advantage-monorepo/node_modules/zod/index")>' is not assignable to parameter of type 'string'.
  Overload 2 of 2, '(module: Promise<typeof import("/home/daniel-bo/Desktop/reading-advantage-monorepo/node_modules/zod/index")>, factory?: ModuleMockOptions | ModuleMockFactoryWithHelper<typeof import("/home/daniel-bo/Desktop/reading-advantage-monorepo/node_modules/zod/index")> | undefined): void', gave the following error.
    Argument of type '(importOriginal: <T extends typeof import("/home/daniel-bo/Desktop/reading-advantage-monorepo/node_modules/zod/index") = typeof import("/home/daniel-bo/Desktop/reading-advantage-monorepo/node_modules/zod/index")>() => Promise<...>) => Promise<...>' is not assignable to parameter of type 'ModuleMockOptions | ModuleMockFactoryWithHelper<typeof import("/home/daniel-bo/Desktop/reading-advantage-monorepo/node_modules/zod/index")> | undefined'.
      Type '(importOriginal: <T extends typeof import("/home/daniel-bo/Desktop/reading-advantage-monorepo/node_modules/zod/index") = typeof import("/home/daniel-bo/Desktop/reading-advantage-monorepo/node_modules/zod/index")>() => Promise<...>) => Promise<...>' is not assignable to type 'ModuleMockFactoryWithHelper<typeof import("/home/daniel-bo/Desktop/reading-advantage-monorepo/node_modules/zod/index")>'.
        Type 'Promise<{ z: {}; default: {}; setErrorMap(map: ZodErrorMap): void; getErrorMap(): ZodErrorMap; defaultErrorMap: ZodErrorMap; addIssueToContext(ctx: ParseContext, issueData: IssueData): void; ... 102 more ...; ZodError: typeof ZodError; }>' is not assignable to type 'Awaitable<Partial<typeof import("/home/daniel-bo/Desktop/reading-advantage-monorepo/node_modules/zod/index")>>'.
          Type 'Promise<{ z: {}; default: {}; setErrorMap(map: ZodErrorMap): void; getErrorMap(): ZodErrorMap; defaultErrorMap: ZodErrorMap; addIssueToContext(ctx: ParseContext, issueData: IssueData): void; ... 102 more ...; ZodError: typeof ZodError; }>' is not assignable to type 'PromiseLike<Partial<typeof import("/home/daniel-bo/Desktop/reading-advantage-monorepo/node_modules/zod/index")>>'.
            Types of property 'then' are incompatible.
              Type '<TResult1 = { z: {}; default: {}; setErrorMap(map: ZodErrorMap): void; getErrorMap(): ZodErrorMap; defaultErrorMap: ZodErrorMap; addIssueToContext(ctx: ParseContext, issueData: IssueData): void; ... 102 more ...; ZodError: typeof ZodError; }, TResult2 = never>(onfulfilled?: ((value: { ...; }) => TResult1 | PromiseLi...' is not assignable to type '<TResult1 = Partial<typeof import("/home/daniel-bo/Desktop/reading-advantage-monorepo/node_modules/zod/index")>, TResult2 = never>(onfulfilled?: ((value: Partial<typeof import("/home/daniel-bo/Desktop/reading-advantage-monorepo/node_modules/zod/index")>) => TResult1 | PromiseLike<...>) | null | undefined, onrejected...'.
                Types of parameters 'onfulfilled' and 'onfulfilled' are incompatible.
                  Types of parameters 'value' and 'value' are incompatible.
                    Type '{ z: {}; default: {}; setErrorMap(map: ZodErrorMap): void; getErrorMap(): ZodErrorMap; defaultErrorMap: ZodErrorMap; ... 103 more ...; ZodError: typeof ZodError; }' is not assignable to type 'Partial<typeof import("/home/daniel-bo/Desktop/reading-advantage-monorepo/node_modules/zod/index")>'.
                      Types of property 'z' are incompatible.
                        Type '{}' is missing the following properties from type 'typeof import("/home/daniel-bo/Desktop/reading-advantage-monorepo/node_modules/zod/v3/external")': setErrorMap, getErrorMap, defaultErrorMap, addIssueToContext, and 103 more.
lib/ai/__tests__/recommendation-service.otel.test.ts(619,7): error TS2307: Cannot find module '../recommendation-service?fallback-test' or its corresponding type declarations.
lib/ai/__tests__/recommendation-service.otel.test.ts(675,7): error TS18046: 'result' is of type 'unknown'.
lib/ai/__tests__/recommendation-service.otel.test.ts(678,12): error TS18046: 'result' is of type 'unknown'.
lib/ai/image-generator.ts(148,3): error TS2578: Unused '@ts-expect-error' directive.
lib/gamification/gamification-tenant-isolation.test.ts(125,39): error TS2345: Argument of type 'MockDb' is not assignable to parameter of type 'PostgresJsDatabase<typeof import("/home/daniel-bo/Desktop/reading-advantage-monorepo/packages/db/dist/schema/index")> & { $client: Sql<{ [x: string]: unknown; }>; }'.
  Type 'MockDb' is missing the following properties from type 'PostgresJsDatabase<typeof import("/home/daniel-bo/Desktop/reading-advantage-monorepo/packages/db/dist/schema/index")>': _, query, $with, $count, and 6 more.
lib/gamification/gamification-tenant-isolation.test.ts(158,39): error TS2345: Argument of type 'MockDb' is not assignable to parameter of type 'PostgresJsDatabase<typeof import("/home/daniel-bo/Desktop/reading-advantage-monorepo/packages/db/dist/schema/index")> & { $client: Sql<{ [x: string]: unknown; }>; }'.
  Type 'MockDb' is missing the following properties from type 'PostgresJsDatabase<typeof import("/home/daniel-bo/Desktop/reading-advantage-monorepo/packages/db/dist/schema/index")>': _, query, $with, $count, and 6 more.
lib/gamification/gamification-tenant-isolation.test.ts(191,39): error TS2345: Argument of type 'MockDb' is not assignable to parameter of type 'PostgresJsDatabase<typeof import("/home/daniel-bo/Desktop/reading-advantage-monorepo/packages/db/dist/schema/index")> & { $client: Sql<{ [x: string]: unknown; }>; }'.
  Type 'MockDb' is missing the following properties from type 'PostgresJsDatabase<typeof import("/home/daniel-bo/Desktop/reading-advantage-monorepo/packages/db/dist/schema/index")>': _, query, $with, $count, and 6 more.
lib/gamification/gamification-tenant-isolation.test.ts(228,39): error TS2345: Argument of type 'MockDb' is not assignable to parameter of type 'PostgresJsDatabase<typeof import("/home/daniel-bo/Desktop/reading-advantage-monorepo/packages/db/dist/schema/index")> & { $client: Sql<{ [x: string]: unknown; }>; }'.
  Type 'MockDb' is missing the following properties from type 'PostgresJsDatabase<typeof import("/home/daniel-bo/Desktop/reading-advantage-monorepo/packages/db/dist/schema/index")>': _, query, $with, $count, and 6 more.
lib/gamification/gamification-tenant-isolation.test.ts(254,39): error TS2345: Argument of type 'MockDb' is not assignable to parameter of type 'PostgresJsDatabase<typeof import("/home/daniel-bo/Desktop/reading-advantage-monorepo/packages/db/dist/schema/index")> & { $client: Sql<{ [x: string]: unknown; }>; }'.
  Type 'MockDb' is missing the following properties from type 'PostgresJsDatabase<typeof import("/home/daniel-bo/Desktop/reading-advantage-monorepo/packages/db/dist/schema/index")>': _, query, $with, $count, and 6 more.
lib/gamification/gamification-tenant-isolation.test.ts(282,39): error TS2345: Argument of type 'MockDb' is not assignable to parameter of type 'PostgresJsDatabase<typeof import("/home/daniel-bo/Desktop/reading-advantage-monorepo/packages/db/dist/schema/index")> & { $client: Sql<{ [x: string]: unknown; }>; }'.
  Type 'MockDb' is missing the following properties from type 'PostgresJsDatabase<typeof import("/home/daniel-bo/Desktop/reading-advantage-monorepo/packages/db/dist/schema/index")>': _, query, $with, $count, and 6 more.
lib/gamification/gamification-tenant-isolation.test.ts(300,39): error TS2345: Argument of type 'MockDb' is not assignable to parameter of type 'PostgresJsDatabase<typeof import("/home/daniel-bo/Desktop/reading-advantage-monorepo/packages/db/dist/schema/index")> & { $client: Sql<{ [x: string]: unknown; }>; }'.
  Type 'MockDb' is missing the following properties from type 'PostgresJsDatabase<typeof import("/home/daniel-bo/Desktop/reading-advantage-monorepo/packages/db/dist/schema/index")>': _, query, $with, $count, and 6 more.
lib/instrumentation.node.ts(18,22): error TS2693: 'Resource' only refers to a type, but is being used as a value here.
lib/instrumentation.node.ts(26,20): error TS2322: Type 'BatchSpanProcessor' is not assignable to type 'SpanProcessor'.
  Types of property 'onStart' are incompatible.
    Type '(_span: Span, _parentContext: Context) => void' is not assignable to type '(span: Span, parentContext: Context) => void'.
      Types of parameters '_span' and 'span' are incompatible.
        Type 'import("/home/daniel-bo/Desktop/reading-advantage-monorepo/node_modules/@opentelemetry/sdk-trace-base/build/src/Span").Span' is not assignable to type 'import("/home/daniel-bo/Desktop/reading-advantage-monorepo/apps/science-advantage/node_modules/@opentelemetry/sdk-trace-base/build/src/Span").Span'.
          Property 'instrumentationScope' is missing in type 'Span' but required in type 'ReadableSpan'.
lib/instrumentation.node.ts(26,43): error TS2345: Argument of type 'OTLPTraceExporter | ConsoleSpanExporter' is not assignable to parameter of type 'SpanExporter'.
  Type 'OTLPTraceExporter' is not assignable to type 'SpanExporter'.
    Types of property 'export' are incompatible.
      Type '(items: ReadableSpan[], resultCallback: (result: ExportResult) => void) => void' is not assignable to type '(spans: ReadableSpan[], resultCallback: (result: ExportResult) => void) => void'.
        Types of parameters 'items' and 'spans' are incompatible.
          Type 'import("/home/daniel-bo/Desktop/reading-advantage-monorepo/apps/science-advantage/node_modules/@opentelemetry/sdk-trace-base/build/src/export/ReadableSpan").ReadableSpan[]' is not assignable to type 'import("/home/daniel-bo/Desktop/reading-advantage-monorepo/node_modules/@opentelemetry/sdk-trace-base/build/src/export/ReadableSpan").ReadableSpan[]'.
            Property 'instrumentationLibrary' is missing in type 'import("/home/daniel-bo/Desktop/reading-advantage-monorepo/apps/science-advantage/node_modules/@opentelemetry/sdk-trace-base/build/src/export/ReadableSpan").ReadableSpan' but required in type 'import("/home/daniel-bo/Desktop/reading-advantage-monorepo/node_modules/@opentelemetry/sdk-trace-base/build/src/export/ReadableSpan").ReadableSpan'.
lib/observability/__tests__/fixtures/eslint/good.ts(26,1): error TS2304: Cannot find name 'logger'.
lib/observability/__tests__/live-sentry-initialization.acceptance.test.ts(49,17): error TS2540: Cannot assign to 'NODE_ENV' because it is a read-only property.
lib/observability/__tests__/sentry-config.contract.test.ts(53,17): error TS2540: Cannot assign to 'NODE_ENV' because it is a read-only property.
lib/observability/__tests__/sentry-config.contract.test.ts(86,17): error TS2540: Cannot assign to 'NODE_ENV' because it is a read-only property.
lib/services/classes/get-class-detail.integration.test.ts(310,32): error TS2304: Cannot find name 'teacherId'.
lib/services/services-tenant-isolation.test.ts(66,39): error TS2345: Argument of type 'MockDb' is not assignable to parameter of type 'PostgresJsDatabase<typeof import("/home/daniel-bo/Desktop/reading-advantage-monorepo/packages/db/dist/schema/index")> & { $client: Sql<{ [x: string]: unknown; }>; }'.
  Type 'MockDb' is missing the following properties from type 'PostgresJsDatabase<typeof import("/home/daniel-bo/Desktop/reading-advantage-monorepo/packages/db/dist/schema/index")>': _, query, $with, $count, and 6 more.
lib/services/services-tenant-isolation.test.ts(93,39): error TS2345: Argument of type 'MockDb' is not assignable to parameter of type 'PostgresJsDatabase<typeof import("/home/daniel-bo/Desktop/reading-advantage-monorepo/packages/db/dist/schema/index")> & { $client: Sql<{ [x: string]: unknown; }>; }'.
  Type 'MockDb' is missing the following properties from type 'PostgresJsDatabase<typeof import("/home/daniel-bo/Desktop/reading-advantage-monorepo/packages/db/dist/schema/index")>': _, query, $with, $count, and 6 more.
lib/services/services-tenant-isolation.test.ts(109,39): error TS2345: Argument of type 'MockDb' is not assignable to parameter of type 'PostgresJsDatabase<typeof import("/home/daniel-bo/Desktop/reading-advantage-monorepo/packages/db/dist/schema/index")> & { $client: Sql<{ [x: string]: unknown; }>; }'.
  Type 'MockDb' is missing the following properties from type 'PostgresJsDatabase<typeof import("/home/daniel-bo/Desktop/reading-advantage-monorepo/packages/db/dist/schema/index")>': _, query, $with, $count, and 6 more.
lib/services/services-tenant-isolation.test.ts(133,39): error TS2345: Argument of type 'MockDb' is not assignable to parameter of type 'PostgresJsDatabase<typeof import("/home/daniel-bo/Desktop/reading-advantage-monorepo/packages/db/dist/schema/index")> & { $client: Sql<{ [x: string]: unknown; }>; }'.
  Type 'MockDb' is missing the following properties from type 'PostgresJsDatabase<typeof import("/home/daniel-bo/Desktop/reading-advantage-monorepo/packages/db/dist/schema/index")>': _, query, $with, $count, and 6 more.
lib/services/services-tenant-isolation.test.ts(149,39): error TS2345: Argument of type 'MockDb' is not assignable to parameter of type 'PostgresJsDatabase<typeof import("/home/daniel-bo/Desktop/reading-advantage-monorepo/packages/db/dist/schema/index")> & { $client: Sql<{ [x: string]: unknown; }>; }'.
  Type 'MockDb' is missing the following properties from type 'PostgresJsDatabase<typeof import("/home/daniel-bo/Desktop/reading-advantage-monorepo/packages/db/dist/schema/index")>': _, query, $with, $count, and 6 more.
lib/services/services-tenant-isolation.test.ts(170,39): error TS2345: Argument of type 'MockDb' is not assignable to parameter of type 'PostgresJsDatabase<typeof import("/home/daniel-bo/Desktop/reading-advantage-monorepo/packages/db/dist/schema/index")> & { $client: Sql<{ [x: string]: unknown; }>; }'.
  Type 'MockDb' is missing the following properties from type 'PostgresJsDatabase<typeof import("/home/daniel-bo/Desktop/reading-advantage-monorepo/packages/db/dist/schema/index")>': _, query, $with, $count, and 6 more.
next.config.ts(54,3): error TS2353: Object literal may only specify known properties, and 'disable' does not exist in type 'SentryBuildOptions'.
/home/daniel-bo/Desktop/reading-advantage-monorepo/apps/science-advantage:
[ERR_PNPM_RECURSIVE_RUN_FIRST_FAIL] science-advantage@0.1.0 check-types: `tsc --noEmit`
Exit status 2
$ tsc --noEmit
