$ next build
▲ Next.js 16.2.9 (Turbopack)

  Creating an optimized production build ...
Turbopack build encountered 1 warnings:
./apps/advantage-games/next.config.ts
Encountered unexpected file in NFT list
A file was traced that indicates that the whole project was traced unintentionally. Somewhere in the import trace below, there are:
- filesystem operations (like path.join, path.resolve or fs.readFile), or
- very dynamic requires (like require('./' + foo)).
To resolve this, you can
- remove them if possible, or
- only use them in development, or
- make sure they are statically scoped to some subfolder: path.join(process.cwd(), 'data', bar), or
- add ignore comments: path.join(/*turbopackIgnore: true*/ process.cwd(), bar)

Import trace:
  App Route:
    ./apps/advantage-games/next.config.ts
    ./packages/codecamp-knowledge/dist/cli.js
    ./packages/codecamp-knowledge/dist/index.js
    ./packages/domain/dist/activity/codecamp-activity-service.js
    ./packages/domain/dist/activity/index.js
    ./packages/domain/dist/index.js
    ./apps/advantage-games/src/lib/apk/completion-dependencies.ts
    ./apps/advantage-games/src/app/api/v1/apk/complete/route.ts


✓ Compiled successfully in 87s
  Running TypeScript ...
  Finished TypeScript in 64s ...
  Collecting page data using 3 workers ...
  Generating static pages using 3 workers (0/95) ...
  Generating static pages using 3 workers (23/95) 
  Generating static pages using 3 workers (47/95) 
  Generating static pages using 3 workers (71/95) 
✓ Generating static pages using 3 workers (95/95) in 5.0s
  Finalizing page optimization ...

Route (app)
┌ ○ /
├ ○ /_not-found
├ ● /[locale]/student/games/sentence/castle-defense
│ ├ /en/student/games/sentence/castle-defense
│ ├ /th/student/games/sentence/castle-defense
│ └ /zh/student/games/sentence/castle-defense
├ ● /[locale]/student/games/sentence/devourer-slime
│ ├ /en/student/games/sentence/devourer-slime
│ ├ /th/student/games/sentence/devourer-slime
│ └ /zh/student/games/sentence/devourer-slime
├ ● /[locale]/student/games/sentence/dungeon-liberator
│ ├ /en/student/games/sentence/dungeon-liberator
│ ├ /th/student/games/sentence/dungeon-liberator
│ └ /zh/student/games/sentence/dungeon-liberator
├ ● /[locale]/student/games/sentence/haunted-library
│ ├ /en/student/games/sentence/haunted-library
│ ├ /th/student/games/sentence/haunted-library
│ └ /zh/student/games/sentence/haunted-library
├ ● /[locale]/student/games/sentence/labyrinth-goblin-king
│ ├ /en/student/games/sentence/labyrinth-goblin-king
│ ├ /th/student/games/sentence/labyrinth-goblin-king
│ └ /zh/student/games/sentence/labyrinth-goblin-king
├ ● /[locale]/student/games/sentence/potion-rush
│ ├ /en/student/games/sentence/potion-rush
│ ├ /th/student/games/sentence/potion-rush
│ └ /zh/student/games/sentence/potion-rush
├ ● /[locale]/student/games/sentence/rune-forge-chamber
│ ├ /en/student/games/sentence/rune-forge-chamber
│ ├ /th/student/games/sentence/rune-forge-chamber
│ └ /zh/student/games/sentence/rune-forge-chamber
├ ● /[locale]/student/games/sentence/shadow-gate-dungeon
│ ├ /en/student/games/sentence/shadow-gate-dungeon
│ ├ /th/student/games/sentence/shadow-gate-dungeon
│ └ /zh/student/games/sentence/shadow-gate-dungeon
├ ● /[locale]/student/games/sentence/village-guardian
│ ├ /en/student/games/sentence/village-guardian
│ ├ /th/student/games/sentence/village-guardian
│ └ /zh/student/games/sentence/village-guardian
├ ● /[locale]/student/games/vocabulary/alchemists-synthesis
│ ├ /en/student/games/vocabulary/alchemists-synthesis
│ ├ /th/student/games/vocabulary/alchemists-synthesis
│ └ /zh/student/games/vocabulary/alchemists-synthesis
├ ● /[locale]/student/games/vocabulary/dragon-flight
│ ├ /en/student/games/vocabulary/dragon-flight
│ ├ /th/student/games/vocabulary/dragon-flight
│ └ /zh/student/games/vocabulary/dragon-flight
├ ● /[locale]/student/games/vocabulary/enchanted-library
│ ├ /en/student/games/vocabulary/enchanted-library
│ ├ /th/student/games/vocabulary/enchanted-library
│ └ /zh/student/games/vocabulary/enchanted-library
├ ● /[locale]/student/games/vocabulary/magic-defense
│ ├ /en/student/games/vocabulary/magic-defense
│ ├ /th/student/games/vocabulary/magic-defense
│ └ /zh/student/games/vocabulary/magic-defense
├ ● /[locale]/student/games/vocabulary/rpg-battle
│ ├ /en/student/games/vocabulary/rpg-battle
│ ├ /th/student/games/vocabulary/rpg-battle
│ └ /zh/student/games/vocabulary/rpg-battle
├ ● /[locale]/student/games/vocabulary/rune-match
│ ├ /en/student/games/vocabulary/rune-match
│ ├ /th/student/games/vocabulary/rune-match
│ └ /zh/student/games/vocabulary/rune-match
├ ● /[locale]/student/games/vocabulary/wizard-vs-zombie
│ ├ /en/student/games/vocabulary/wizard-vs-zombie
│ ├ /th/student/games/vocabulary/wizard-vs-zombie
│ └ /zh/student/games/vocabulary/wizard-vs-zombie
├ ● /[locale]/student/leaderboard
│ ├ /en/student/leaderboard
│ ├ /th/student/leaderboard
│ └ /zh/student/leaderboard
├ ƒ /api/auth/login
├ ƒ /api/auth/logout
├ ƒ /api/auth/session
├ ƒ /api/v1/apk/complete
├ ƒ /api/v1/games/alchemists-synthesis/complete
├ ○ /api/v1/games/alchemists-synthesis/vocabulary
├ ƒ /api/v1/games/castle-defense/complete
├ ○ /api/v1/games/castle-defense/sentences
├ ƒ /api/v1/games/devourer-slime/complete
├ ○ /api/v1/games/devourer-slime/sentences
├ ƒ /api/v1/games/dragon-flight/complete
├ ○ /api/v1/games/dragon-flight/ranking
├ ○ /api/v1/games/dragon-flight/vocabulary
├ ƒ /api/v1/games/dungeon-liberator/complete
├ ○ /api/v1/games/dungeon-liberator/ranking
├ ○ /api/v1/games/dungeon-liberator/sentences
├ ƒ /api/v1/games/enchanted-library/complete
├ ○ /api/v1/games/enchanted-library/vocabulary
├ ƒ /api/v1/games/haunted-library/complete
├ ○ /api/v1/games/haunted-library/sentences
├ ƒ /api/v1/games/labyrinth-goblin-king/complete
├ ○ /api/v1/games/labyrinth-goblin-king/sentences
├ ƒ /api/v1/games/magic-defense/complete
├ ○ /api/v1/games/magic-defense/vocabulary
├ ƒ /api/v1/games/potion-rush/complete
├ ○ /api/v1/games/potion-rush/ranking
├ ○ /api/v1/games/potion-rush/sentences
├ ƒ /api/v1/games/rpg-battle/complete
├ ○ /api/v1/games/rpg-battle/vocabulary
├ ƒ /api/v1/games/rune-forge-chamber/complete
├ ○ /api/v1/games/rune-forge-chamber/sentences
├ ƒ /api/v1/games/rune-match/complete
├ ○ /api/v1/games/rune-match/vocabulary
├ ƒ /api/v1/games/shadow-gate-dungeon/complete
├ ○ /api/v1/games/shadow-gate-dungeon/sentences
├ ƒ /api/v1/games/village-guardian/complete
├ ○ /api/v1/games/village-guardian/sentences
├ ƒ /api/v1/games/wizard-vs-zombie/complete
├ ○ /api/v1/games/wizard-vs-zombie/vocabulary
├ ○ /dev/game-screens
└ ƒ /login


○  (Static)   prerendered as static content
●  (SSG)      prerendered as static HTML (uses generateStaticParams)
ƒ  (Dynamic)  server-rendered on demand

$ next start -- -H 127.0.0.1 -p 43191
Invalid project directory provided, no such directory: /home/daniel-bo/Desktop/reading-advantage-monorepo/apps/advantage-games/-H
/home/daniel-bo/Desktop/reading-advantage-monorepo/apps/advantage-games:
[ERR_PNPM_RECURSIVE_RUN_FIRST_FAIL] vocabulary-games@0.1.0 start: `next start -- -H 127.0.0.1 -p 43191`
Exit status 1
▲ Next.js 16.2.9
- Local:         http://127.0.0.1:43191
- Network:       http://127.0.0.1:43191
✓ Ready in 698ms
⚠ "next start" does not work with "output: standalone" configuration. Use "node .next/standalone/server.js" instead.
